
SERVER -> CLIENT: 220-server.philkoei.com.ph ESMTP Exim 4.99.4 #2 Mon, 13 Jul 2026 21:55:13 -0400 
220-We do not authorize the use of this system to transport unsolicited, 
220 and/or bulk e-mail.

CLIENT -> SERVER: EHLO srvlnxintradev2

SERVER -> CLIENT: 250-server.philkoei.com.ph Hello srvlnxintradev2 [210.5.68.242]
250-SIZE 52428800
250-LIMITS MAILMAX=1000 RCPTMAX=50000
250-8BITMIME
250-PIPELINING
250-PIPECONNECT
250-AUTH PLAIN LOGIN
250 HELP

CLIENT -> SERVER: AUTH LOGIN

SERVER -> CLIENT: 334 VXNlcm5hbWU6

CLIENT -> SERVER: [credentials hidden]
SERVER -> CLIENT: 334 UGFzc3dvcmQ6

CLIENT -> SERVER: [credentials hidden]
SERVER -> CLIENT: 235 Authentication succeeded

CLIENT -> SERVER: MAIL FROM:<testmail@philkoei.com.ph>

SERVER -> CLIENT: 250 OK

CLIENT -> SERVER: RCPT TO:<ycanoy12@gmail.com>

SERVER -> CLIENT: 250 Accepted

CLIENT -> SERVER: DATA

SERVER -> CLIENT: 354 Enter message, ending with "." on a line by itself

CLIENT -> SERVER: Date: Tue, 14 Jul 2026 09:55:12 +0800

CLIENT -> SERVER: To: ycanoy12@gmail.com

CLIENT -> SERVER: From: DP Intranet <testmail@philkoei.com.ph>

CLIENT -> SERVER: Subject: [DPEARP-00004] Correspondence Notification: test

CLIENT -> SERVER: Message-ID: <6AxsfsxhR2IUzFJL1jqrB4RXyv9L9N9UppApgrmXk3Q@srvlnxintradev2>

CLIENT -> SERVER: X-Mailer: PHPMailer 7.1.1 (https://github.com/PHPMailer/PHPMailer)

CLIENT -> SERVER: MIME-Version: 1.0

CLIENT -> SERVER: Content-Type: multipart/alternative;

CLIENT -> SERVER:  boundary="b1=_6AxsfsxhR2IUzFJL1jqrB4RXyv9L9N9UppApgrmXk3Q"

CLIENT -> SERVER: 

CLIENT -> SERVER: --b1=_6AxsfsxhR2IUzFJL1jqrB4RXyv9L9N9UppApgrmXk3Q

CLIENT -> SERVER: Content-Type: text/plain; charset=UTF-8

CLIENT -> SERVER: Content-Transfer-Encoding: base64

CLIENT -> SERVER: 

CLIENT -> SERVER: CgoKICAKICAKICAKICBbRFBFQVJQLTAwMDA0XSBDb3JyZXNwb25kZW5jZSBOb3RpZmljYXRpb24K

CLIENT -> SERVER: CgogIFtEUEVBUlAtMDAwMDRdIENvcnJlc3BvbmRlbmNlIE5vdGlmaWNhdGlvbgogIAogICAgCiAg

CLIENT -> SERVER: ICAgIAogICAgICAgIAogICAgICAgICAgCiAgICAgICAgICAgIAogICAgICAgICAgICAgIERQRUFS

CLIENT -> SERVER: UCBDb3JyZXNwb25kZW5jZSBNYW5hZ2VtZW50IFN5c3RlbQogICAgICAgICAgICAgIE5ldyBDb3Jy

CLIENT -> SERVER: ZXNwb25kZW5jZSBBc3NpZ25lZAogICAgICAgICAgICAKICAgICAgICAgIAogICAgICAgICAgCiAg

CLIENT -> SERVER: ICAgICAgICAgIAogICAgICAgICAgICAgIFlvdSBoYXZlIGJlZW4gYXNzaWduZWQgYSBjb3JyZXNw

CLIENT -> SERVER: b25kZW5jZSBpdGVtIHRoYXQgcmVxdWlyZXMgeW91ciBhdHRlbnRpb24uCiAgICAgICAgICAgICAg

CLIENT -> SERVER: CiAgICAgICAgICAgICAgICAKICAgICAgICAgICAgICAgICAgCiAgICAgICAgICAgICAgICAgICAg

CLIENT -> SERVER: Q29ycmVzcG9uZGVuY2UgRGV0YWlscwogICAgICAgICAgICAgICAgICAKICAgICAgICAgICAgICAg

CLIENT -> SERVER: ICAgVHJhY2tpbmcgSUREUEVBUlAtMDAwMDRDb3JyZXNwb25kZW5jZSBUaXRsZXRlc3REZXNjcmlw

CLIENT -> SERVER: dGlvbnRlc3REdWUgRGF0ZU5vdCBzcGVjaWZpZWRTZW5kZXJub3JlcGx5QGRhbHRvbi5jb20ucGhD

CLIENT -> SERVER: aXJjdWxhdGVkIEJ5WW9zaGl5dWtpIENhbm95CiAgICAgICAgICAgICAgICAKICAgICAgICAgICAg

CLIENT -> SERVER: ICAKICAgICAgICAgICAgICAKICAgICAgICAgICAgICAgIEFjY2VzcyBZb3VyIENvcnJlc3BvbmRl

CLIENT -> SERVER: bmNlIHRvIHNlZSBmaWxlCiAgICAgICAgICAgICAgICBJZiB5b3UgaGF2ZSBhbiBhY2NvdW50IG9u

CLIENT -> SERVER: IHRoZSBvcmdhbml6YXRpb24ncyBJbnRyYW5ldCBvciBDb3JyZXNwb25kZW5jZSBNYW5hZ2VtZW50

CLIENT -> SERVER: IFN5c3RlbSwgeW91IGNhbiBsb2cgaW4gdG8gdmlldyB0aGUgY29ycmVzcG9uZGVuY2UsIHRyYWNr

CLIENT -> SERVER: IGl0cyBzdGF0dXMsIGFuZCBhY2Nlc3MgYWxsIGFzc29jaWF0ZWQgZG9jdW1lbnRzIGFuZCB1cGRh

CLIENT -> SERVER: dGVzLgogICAgICAgICAgICAgICAgTG9nIEluIHRvIHRoZSBJbnRyYW5ldAogICAgICAgICAgICAg

CLIENT -> SERVER: IAogICAgICAgICAgICAgIFBsZWFzZSByZXZpZXcgdGhlIGNvcnJlc3BvbmRlbmNlIGF0IHlvdXIg

CLIENT -> SERVER: ZWFybGllc3QgY29udmVuaWVuY2UuCiAgICAgICAgICAgIAogICAgICAgICAgCiAgICAgICAgICAK

CLIENT -> SERVER: ICAgICAgICAgICAgCiAgICAgICAgICAgICAgCiAgICAgICAgICAgICAgICBUaGlzIGlzIGFuIGF1

CLIENT -> SERVER: dG9tYXRlZCBub3RpZmljYXRpb24gZnJvbSBEUEVBUlAuCiAgICAgICAgICAgICAgICBQbGVhc2Ug

CLIENT -> SERVER: ZG8gbm90IHJlcGx5IHRvIHRoaXMgZW1haWwuCiAgICAgICAgICAgICAgICDCqSAyMDI2IERQRUFS

CLIENT -> SERVER: UC4gQWxsIHJpZ2h0cyByZXNlcnZlZC4KICAgICAgICAgICAgICAKICAgICAgICAgICAgCiAgICAg

CLIENT -> SERVER: ICAgICAKICAgICAgICAKICAgICAgCiAgICAKICAKCg==

CLIENT -> SERVER: 

CLIENT -> SERVER: --b1=_6AxsfsxhR2IUzFJL1jqrB4RXyv9L9N9UppApgrmXk3Q

CLIENT -> SERVER: Content-Type: text/html; charset=UTF-8

CLIENT -> SERVER: Content-Transfer-Encoding: base64

CLIENT -> SERVER: 

CLIENT -> SERVER: PCFET0NUWVBFIGh0bWw+CjxodG1sIGxhbmc9ImVuIiB4bWxucz0iaHR0cDovL3d3dy53My5vcmcv

CLIENT -> SERVER: MTk5OS94aHRtbCI+CjxoZWFkPgogIDxtZXRhIGNoYXJzZXQ9IlVURi04IiAvPgogIDxtZXRhIG5h

CLIENT -> SERVER: bWU9InZpZXdwb3J0IiBjb250ZW50PSJ3aWR0aD1kZXZpY2Utd2lkdGgsIGluaXRpYWwtc2NhbGU9

CLIENT -> SERVER: MS4wIiAvPgogIDxtZXRhIGh0dHAtZXF1aXY9IlgtVUEtQ29tcGF0aWJsZSIgY29udGVudD0iSUU9

CLIENT -> SERVER: ZWRnZSIgLz4KICA8dGl0bGU+W0RQRUFSUC0wMDAwNF0gQ29ycmVzcG9uZGVuY2UgTm90aWZpY2F0

CLIENT -> SERVER: aW9uPC90aXRsZT4KPC9oZWFkPgo8Ym9keSBzdHlsZT0ibWFyZ2luOjA7IHBhZGRpbmc6MDsgYmFj

CLIENT -> SERVER: a2dyb3VuZC1jb2xvcjojZjNmNGY2OyBmb250LWZhbWlseTpTZWdvZSBVSSwgQXJpYWwsIHNhbnMt

CLIENT -> SERVER: c2VyaWY7IGNvbG9yOiMxMTE4Mjc7Ij4KICA8ZGl2IHN0eWxlPSJkaXNwbGF5Om5vbmU7IG1heC1o

CLIENT -> SERVER: ZWlnaHQ6MDsgb3ZlcmZsb3c6aGlkZGVuOyBvcGFjaXR5OjA7IG1zby1oaWRlOmFsbDsiPltEUEVB

CLIENT -> SERVER: UlAtMDAwMDRdIENvcnJlc3BvbmRlbmNlIE5vdGlmaWNhdGlvbjwvZGl2PgogIDx0YWJsZSByb2xl

CLIENT -> SERVER: PSJwcmVzZW50YXRpb24iIGNlbGxzcGFjaW5nPSIwIiBjZWxscGFkZGluZz0iMCIgYm9yZGVyPSIw

CLIENT -> SERVER: IiB3aWR0aD0iMTAwJSIgc3R5bGU9ImJhY2tncm91bmQtY29sb3I6I2YzZjRmNjsgbWFyZ2luOjA7

CLIENT -> SERVER: IHBhZGRpbmc6MjRweCAxMnB4OyI+CiAgICA8dHI+CiAgICAgIDx0ZCBhbGlnbj0iY2VudGVyIj4K

CLIENT -> SERVER: ICAgICAgICA8dGFibGUgcm9sZT0icHJlc2VudGF0aW9uIiBjZWxsc3BhY2luZz0iMCIgY2VsbHBh

CLIENT -> SERVER: ZGRpbmc9IjAiIGJvcmRlcj0iMCIgd2lkdGg9IjEwMCUiIHN0eWxlPSJtYXgtd2lkdGg6NjQwcHg7

CLIENT -> SERVER: IGJhY2tncm91bmQtY29sb3I6I2ZmZmZmZjsgYm9yZGVyOjFweCBzb2xpZCAjZTVlN2ViOyBib3Jk

CLIENT -> SERVER: ZXItcmFkaXVzOjEycHg7IG92ZXJmbG93OmhpZGRlbjsiPgogICAgICAgICAgPHRyPgogICAgICAg

CLIENT -> SERVER: ICAgICA8dGQgc3R5bGU9InBhZGRpbmc6MjRweCAyNHB4IDE4cHggMjRweDsgYm9yZGVyLWJvdHRv

CLIENT -> SERVER: bToxcHggc29saWQgI2U1ZTdlYjsgYmFja2dyb3VuZC1jb2xvcjojZjhmYWZjOyI+CiAgICAgICAg

CLIENT -> SERVER: ICAgICAgPGRpdiBzdHlsZT0iZm9udC1zaXplOjEycHg7IGxldHRlci1zcGFjaW5nOjEuNXB4OyB0

CLIENT -> SERVER: ZXh0LXRyYW5zZm9ybTp1cHBlcmNhc2U7IGNvbG9yOiM2NDc0OGI7IG1hcmdpbi1ib3R0b206OHB4

CLIENT -> SERVER: OyI+RFBFQVJQIENvcnJlc3BvbmRlbmNlIE1hbmFnZW1lbnQgU3lzdGVtPC9kaXY+CiAgICAgICAg

CLIENT -> SERVER: ICAgICAgPGRpdiBzdHlsZT0iZm9udC1zaXplOjIycHg7IGZvbnQtd2VpZ2h0OjcwMDsgY29sb3I6

CLIENT -> SERVER: IzBmMTcyYTsiPk5ldyBDb3JyZXNwb25kZW5jZSBBc3NpZ25lZDwvZGl2PgogICAgICAgICAgICA8

CLIENT -> SERVER: L3RkPgogICAgICAgICAgPC90cj4KICAgICAgICAgIDx0cj4KICAgICAgICAgICAgPHRkIHN0eWxl

CLIENT -> SERVER: PSJwYWRkaW5nOjI0cHg7Ij4KICAgICAgICAgICAgICA8cCBzdHlsZT0ibWFyZ2luOjAgMCAxMnB4

CLIENT -> SERVER: IDA7IGZvbnQtc2l6ZToxNXB4OyBsaW5lLWhlaWdodDoyNHB4OyBjb2xvcjojMzM0MTU1OyI+WW91

CLIENT -> SERVER: IGhhdmUgYmVlbiBhc3NpZ25lZCBhIGNvcnJlc3BvbmRlbmNlIGl0ZW0gdGhhdCByZXF1aXJlcyB5

CLIENT -> SERVER: b3VyIGF0dGVudGlvbi48L3A+CiAgICAgICAgICAgICAgPGRpdiBzdHlsZT0iYmFja2dyb3VuZC1j

CLIENT -> SERVER: b2xvcjojZjhmYWZjOyBib3JkZXI6MXB4IHNvbGlkICNlMmU4ZjA7IGJvcmRlci1yYWRpdXM6MTBw

CLIENT -> SERVER: eDsgcGFkZGluZzoxNnB4IDE4cHg7IG1hcmdpbjowIDAgMTZweCAwOyI+CiAgICAgICAgICAgICAg

CLIENT -> SERVER: ICA8dGFibGUgcm9sZT0icHJlc2VudGF0aW9uIiBjZWxsc3BhY2luZz0iMCIgY2VsbHBhZGRpbmc9

CLIENT -> SERVER: IjAiIGJvcmRlcj0iMCIgd2lkdGg9IjEwMCUiPgogICAgICAgICAgICAgICAgICA8dHI+CiAgICAg

CLIENT -> SERVER: ICAgICAgICAgICAgICAgPHRkIGNvbHNwYW49IjIiIHN0eWxlPSJwYWRkaW5nLWJvdHRvbToxMHB4

CLIENT -> SERVER: OyBmb250LXNpemU6MTNweDsgZm9udC13ZWlnaHQ6NzAwOyBjb2xvcjojNDc1NTY5OyB0ZXh0LXRy

CLIENT -> SERVER: YW5zZm9ybTp1cHBlcmNhc2U7IGxldHRlci1zcGFjaW5nOjAuMDRlbTsiPkNvcnJlc3BvbmRlbmNl

CLIENT -> SERVER: IERldGFpbHM8L3RkPgogICAgICAgICAgICAgICAgICA8L3RyPgogICAgICAgICAgICAgICAgICA8

CLIENT -> SERVER: dHI+PHRkIHN0eWxlPSJwYWRkaW5nOjZweCAwOyBmb250LXNpemU6MTRweDsgY29sb3I6IzY0NzQ4

CLIENT -> SERVER: Yjsgd2lkdGg6MzUlOyB2ZXJ0aWNhbC1hbGlnbjp0b3A7Ij5UcmFja2luZyBJRDwvdGQ+PHRkIHN0

CLIENT -> SERVER: eWxlPSJwYWRkaW5nOjZweCAwOyBmb250LXNpemU6MTRweDsgY29sb3I6IzBmMTcyYTsgZm9udC13

CLIENT -> SERVER: ZWlnaHQ6NjAwOyB2ZXJ0aWNhbC1hbGlnbjp0b3A7Ij5EUEVBUlAtMDAwMDQ8L3RkPjwvdHI+PHRy

CLIENT -> SERVER: Pjx0ZCBzdHlsZT0icGFkZGluZzo2cHggMDsgZm9udC1zaXplOjE0cHg7IGNvbG9yOiM2NDc0OGI7

CLIENT -> SERVER: IHdpZHRoOjM1JTsgdmVydGljYWwtYWxpZ246dG9wOyI+Q29ycmVzcG9uZGVuY2UgVGl0bGU8L3Rk

CLIENT -> SERVER: Pjx0ZCBzdHlsZT0icGFkZGluZzo2cHggMDsgZm9udC1zaXplOjE0cHg7IGNvbG9yOiMwZjE3MmE7

CLIENT -> SERVER: IGZvbnQtd2VpZ2h0OjYwMDsgdmVydGljYWwtYWxpZ246dG9wOyI+dGVzdDwvdGQ+PC90cj48dHI+

CLIENT -> SERVER: PHRkIHN0eWxlPSJwYWRkaW5nOjZweCAwOyBmb250LXNpemU6MTRweDsgY29sb3I6IzY0NzQ4Yjsg

CLIENT -> SERVER: d2lkdGg6MzUlOyB2ZXJ0aWNhbC1hbGlnbjp0b3A7Ij5EZXNjcmlwdGlvbjwvdGQ+PHRkIHN0eWxl

CLIENT -> SERVER: PSJwYWRkaW5nOjZweCAwOyBmb250LXNpemU6MTRweDsgY29sb3I6IzBmMTcyYTsgZm9udC13ZWln

CLIENT -> SERVER: aHQ6NjAwOyB2ZXJ0aWNhbC1hbGlnbjp0b3A7Ij50ZXN0PC90ZD48L3RyPjx0cj48dGQgc3R5bGU9

CLIENT -> SERVER: InBhZGRpbmc6NnB4IDA7IGZvbnQtc2l6ZToxNHB4OyBjb2xvcjojNjQ3NDhiOyB3aWR0aDozNSU7

CLIENT -> SERVER: IHZlcnRpY2FsLWFsaWduOnRvcDsiPkR1ZSBEYXRlPC90ZD48dGQgc3R5bGU9InBhZGRpbmc6NnB4

CLIENT -> SERVER: IDA7IGZvbnQtc2l6ZToxNHB4OyBjb2xvcjojMGYxNzJhOyBmb250LXdlaWdodDo2MDA7IHZlcnRp

CLIENT -> SERVER: Y2FsLWFsaWduOnRvcDsiPk5vdCBzcGVjaWZpZWQ8L3RkPjwvdHI+PHRyPjx0ZCBzdHlsZT0icGFk

CLIENT -> SERVER: ZGluZzo2cHggMDsgZm9udC1zaXplOjE0cHg7IGNvbG9yOiM2NDc0OGI7IHdpZHRoOjM1JTsgdmVy

CLIENT -> SERVER: dGljYWwtYWxpZ246dG9wOyI+U2VuZGVyPC90ZD48dGQgc3R5bGU9InBhZGRpbmc6NnB4IDA7IGZv

CLIENT -> SERVER: bnQtc2l6ZToxNHB4OyBjb2xvcjojMGYxNzJhOyBmb250LXdlaWdodDo2MDA7IHZlcnRpY2FsLWFs

CLIENT -> SERVER: aWduOnRvcDsiPm5vcmVwbHlAZGFsdG9uLmNvbS5waDwvdGQ+PC90cj48dHI+PHRkIHN0eWxlPSJw

CLIENT -> SERVER: YWRkaW5nOjZweCAwOyBmb250LXNpemU6MTRweDsgY29sb3I6IzY0NzQ4Yjsgd2lkdGg6MzUlOyB2

CLIENT -> SERVER: ZXJ0aWNhbC1hbGlnbjp0b3A7Ij5DaXJjdWxhdGVkIEJ5PC90ZD48dGQgc3R5bGU9InBhZGRpbmc6

CLIENT -> SERVER: NnB4IDA7IGZvbnQtc2l6ZToxNHB4OyBjb2xvcjojMGYxNzJhOyBmb250LXdlaWdodDo2MDA7IHZl

CLIENT -> SERVER: cnRpY2FsLWFsaWduOnRvcDsiPllvc2hpeXVraSBDYW5veTwvdGQ+PC90cj4KICAgICAgICAgICAg

CLIENT -> SERVER: ICAgIDwvdGFibGU+CiAgICAgICAgICAgICAgPC9kaXY+CiAgICAgICAgICAgICAgPGRpdiBzdHls

CLIENT -> SERVER: ZT0iYmFja2dyb3VuZDpsaW5lYXItZ3JhZGllbnQoOTBkZWcsICNlZmY2ZmYgMCUsICNmOGZiZmYg

CLIENT -> SERVER: MTAwJSk7IGJvcmRlcjoxcHggc29saWQgI2JmZGJmZTsgYm9yZGVyLWxlZnQ6NHB4IHNvbGlkICMy

CLIENT -> SERVER: NTYzZWI7IGJvcmRlci1yYWRpdXM6MTBweDsgcGFkZGluZzoxNnB4IDE4cHg7IG1hcmdpbjowIDAg

CLIENT -> SERVER: MTZweCAwOyI+CiAgICAgICAgICAgICAgICA8cCBzdHlsZT0ibWFyZ2luOjAgMCA2cHggMDsgZm9u

CLIENT -> SERVER: dC1zaXplOjE1cHg7IGZvbnQtd2VpZ2h0OjcwMDsgY29sb3I6IzBmMTcyYTsiPkFjY2VzcyBZb3Vy

CLIENT -> SERVER: IENvcnJlc3BvbmRlbmNlIHRvIHNlZSBmaWxlPC9wPgogICAgICAgICAgICAgICAgPHAgc3R5bGU9

CLIENT -> SERVER: Im1hcmdpbjowIDAgMTBweCAwOyBmb250LXNpemU6MTRweDsgbGluZS1oZWlnaHQ6MjJweDsgY29s

CLIENT -> SERVER: b3I6IzMzNDE1NTsiPklmIHlvdSBoYXZlIGFuIGFjY291bnQgb24gdGhlIG9yZ2FuaXphdGlvbidz

CLIENT -> SERVER: IEludHJhbmV0IG9yIENvcnJlc3BvbmRlbmNlIE1hbmFnZW1lbnQgU3lzdGVtLCB5b3UgY2FuIGxv

CLIENT -> SERVER: ZyBpbiB0byB2aWV3IHRoZSBjb3JyZXNwb25kZW5jZSwgdHJhY2sgaXRzIHN0YXR1cywgYW5kIGFj

CLIENT -> SERVER: Y2VzcyBhbGwgYXNzb2NpYXRlZCBkb2N1bWVudHMgYW5kIHVwZGF0ZXMuPC9wPgogICAgICAgICAg

CLIENT -> SERVER: ICAgICAgPGRpdiBzdHlsZT0iZGlzcGxheTppbmxpbmUtYmxvY2s7IHBhZGRpbmc6OHB4IDEycHg7

CLIENT -> SERVER: IGJvcmRlcjoxcHggc29saWQgIzkzYzVmZDsgYm9yZGVyLXJhZGl1czo5OTlweDsgYmFja2dyb3Vu

CLIENT -> SERVER: ZC1jb2xvcjojZmZmZmZmOyBmb250LXNpemU6MTNweDsgZm9udC13ZWlnaHQ6NjAwOyBjb2xvcjoj

CLIENT -> SERVER: MWQ0ZWQ4OyI+TG9nIEluIHRvIHRoZSBJbnRyYW5ldDwvZGl2PgogICAgICAgICAgICAgIDwvZGl2

CLIENT -> SERVER: PgogICAgICAgICAgICAgIDxwIHN0eWxlPSJtYXJnaW46MDsgZm9udC1zaXplOjEzcHg7IGxpbmUt

CLIENT -> SERVER: aGVpZ2h0OjIxcHg7IGNvbG9yOiM2NDc0OGI7Ij5QbGVhc2UgcmV2aWV3IHRoZSBjb3JyZXNwb25k

CLIENT -> SERVER: ZW5jZSBhdCB5b3VyIGVhcmxpZXN0IGNvbnZlbmllbmNlLjwvcD4KICAgICAgICAgICAgPC90ZD4K

CLIENT -> SERVER: ICAgICAgICAgIDwvdHI+CiAgICAgICAgICA8dHI+CiAgICAgICAgICAgIDx0ZCBzdHlsZT0icGFk

CLIENT -> SERVER: ZGluZzowIDI0cHggMjRweCAyNHB4OyI+CiAgICAgICAgICAgICAgPGRpdiBzdHlsZT0iYm9yZGVy

CLIENT -> SERVER: LXRvcDoxcHggc29saWQgI2U1ZTdlYjsgcGFkZGluZy10b3A6MTZweDsgZm9udC1zaXplOjEycHg7

CLIENT -> SERVER: IGxpbmUtaGVpZ2h0OjE4cHg7IGNvbG9yOiM2NDc0OGI7Ij4KICAgICAgICAgICAgICAgIDxwIHN0

CLIENT -> SERVER: eWxlPSJtYXJnaW46MCAwIDRweCAwOyI+VGhpcyBpcyBhbiBhdXRvbWF0ZWQgbm90aWZpY2F0aW9u

CLIENT -> SERVER: IGZyb20gRFBFQVJQLjwvcD4KICAgICAgICAgICAgICAgIDxwIHN0eWxlPSJtYXJnaW46MCAwIDRw

CLIENT -> SERVER: eCAwOyI+UGxlYXNlIGRvIG5vdCByZXBseSB0byB0aGlzIGVtYWlsLjwvcD4KICAgICAgICAgICAg

CLIENT -> SERVER: ICAgIDxwIHN0eWxlPSJtYXJnaW46MDsiPsKpIDIwMjYgRFBFQVJQLiBBbGwgcmlnaHRzIHJlc2Vy

CLIENT -> SERVER: dmVkLjwvcD4KICAgICAgICAgICAgICA8L2Rpdj4KICAgICAgICAgICAgPC90ZD4KICAgICAgICAg

CLIENT -> SERVER: IDwvdHI+CiAgICAgICAgPC90YWJsZT4KICAgICAgPC90ZD4KICAgIDwvdHI+CiAgPC90YWJsZT4K

CLIENT -> SERVER: PC9ib2R5Pgo8L2h0bWw+

CLIENT -> SERVER: 

CLIENT -> SERVER: 

CLIENT -> SERVER: --b1=_6AxsfsxhR2IUzFJL1jqrB4RXyv9L9N9UppApgrmXk3Q--

CLIENT -> SERVER: 

CLIENT -> SERVER: .

SERVER -> CLIENT: 250 OK id=1wjSMd-0000000F3Gt-26HO

CLIENT -> SERVER: QUIT

SERVER -> CLIENT: 221 server.philkoei.com.ph closing connection

SERVER -> CLIENT: 220-server.philkoei.com.ph ESMTP Exim 4.99.4 #2 Tue, 14 Jul 2026 04:58:17 -0400 
220-We do not authorize the use of this system to transport unsolicited, 
220 and/or bulk e-mail.

CLIENT -> SERVER: EHLO srvlnxintradev2

SERVER -> CLIENT: 250-server.philkoei.com.ph Hello srvlnxintradev2 [210.5.68.242]
250-SIZE 52428800
250-LIMITS MAILMAX=1000 RCPTMAX=50000
250-8BITMIME
250-PIPELINING
250-PIPECONNECT
250-AUTH PLAIN LOGIN
250 HELP

CLIENT -> SERVER: AUTH LOGIN

SERVER -> CLIENT: 334 VXNlcm5hbWU6

CLIENT -> SERVER: [credentials hidden]
SERVER -> CLIENT: 334 UGFzc3dvcmQ6

CLIENT -> SERVER: [credentials hidden]
SERVER -> CLIENT: 235 Authentication succeeded

CLIENT -> SERVER: MAIL FROM:<testmail@philkoei.com.ph>

SERVER -> CLIENT: 250 OK

CLIENT -> SERVER: RCPT TO:<jdelacruz@example.com>

SERVER -> CLIENT: 550-The mail server could not deliver mail to jdelacruz@example.com.  The
550-account or domain may not exist, they may be blacklisted, or missing the
550 proper dns entries.

SMTP ERROR: RCPT TO command failed: 550-The mail server could not deliver mail to jdelacruz@example.com.  The
550-account or domain may not exist, they may be blacklisted, or missing the
550 proper dns entries.

CLIENT -> SERVER: QUIT

SERVER -> CLIENT: 221 server.philkoei.com.ph closing connection

SMTP Error: The following recipients failed: jdelacruz@example.com: The mail server could not deliver mail to jdelacruz@example.com.  The
account or domain may not exist, they may be blacklisted, or missing the
proper dns entries.

Mail Error: SMTP Error: The following recipients failed: jdelacruz@example.com: The mail server could not deliver mail to jdelacruz@example.com.  The
account or domain may not exist, they may be blacklisted, or missing the
proper dns entries.

SERVER -> CLIENT: 220-server.philkoei.com.ph ESMTP Exim 4.99.4 #2 Tue, 14 Jul 2026 04:58:26 -0400 
220-We do not authorize the use of this system to transport unsolicited, 
220 and/or bulk e-mail.

CLIENT -> SERVER: EHLO srvlnxintradev2

SERVER -> CLIENT: 250-server.philkoei.com.ph Hello srvlnxintradev2 [210.5.68.242]
250-SIZE 52428800
250-LIMITS MAILMAX=1000 RCPTMAX=50000
250-8BITMIME
250-PIPELINING
250-PIPECONNECT
250-AUTH PLAIN LOGIN
250 HELP

CLIENT -> SERVER: AUTH LOGIN

SERVER -> CLIENT: 334 VXNlcm5hbWU6

CLIENT -> SERVER: [credentials hidden]
SERVER -> CLIENT: 334 UGFzc3dvcmQ6

CLIENT -> SERVER: [credentials hidden]
SERVER -> CLIENT: 235 Authentication succeeded

CLIENT -> SERVER: MAIL FROM:<testmail@philkoei.com.ph>

SERVER -> CLIENT: 250 OK

CLIENT -> SERVER: RCPT TO:<msantos@example.com>

SERVER -> CLIENT: 550-The mail server could not deliver mail to msantos@example.com.  The account
550-or domain may not exist, they may be blacklisted, or missing the proper dns
550 entries.

SMTP ERROR: RCPT TO command failed: 550-The mail server could not deliver mail to msantos@example.com.  The account
550-or domain may not exist, they may be blacklisted, or missing the proper dns
550 entries.

CLIENT -> SERVER: QUIT

SERVER -> CLIENT: 221 server.philkoei.com.ph closing connection

SMTP Error: The following recipients failed: msantos@example.com: The mail server could not deliver mail to msantos@example.com.  The account
or domain may not exist, they may be blacklisted, or missing the proper dns
entries.

Mail Error: SMTP Error: The following recipients failed: msantos@example.com: The mail server could not deliver mail to msantos@example.com.  The account
or domain may not exist, they may be blacklisted, or missing the proper dns
entries.

91ciBlYXJs

CLIENT -> SERVER: aWVzdCBjb252ZW5pZW5jZS4KICAgICAgICAgICAgCiAgICAgICAgICAKICAgICAgICAgIAogICAg

CLIENT -> SERVER: ICAgICAgICAKICAgICAgICAgICAgICAKICAgICAgICAgICAgICAgIFRoaXMgaXMgYW4gYXV0b21h

CLIENT -> SERVER: dGVkIG5vdGlmaWNhdGlvbiBmcm9tIERQRUFSUC4KICAgICAgICAgICAgICAgIFBsZWFzZSBkbyBu

CLIENT -> SERVER: b3QgcmVwbHkgdG8gdGhpcyBlbWFpbC4KICAgICAgICAgICAgICAgIMKpIDIwMjYgRFBFQVJQLiBB

CLIENT -> SERVER: bGwgcmlnaHRzIHJlc2VydmVkLgogICAgICAgICAgICAgIAogICAgICAgICAgICAKICAgICAgICAg

CLIENT -> SERVER: IAogICAgICAgIAogICAgICAKICAgIAogIAoK

CLIENT -> SERVER: 

CLIENT -> SERVER: --b1=_EG9pNe5bZDey7PgzsBVcJpRqZ4glzBOFUXtsrOMH8wg

CLIENT -> SERVER: Content-Type: text/html; charset=UTF-8

CLIENT -> SERVER: Content-Transfer-Encoding: base64

CLIENT -> SERVER: 

CLIENT -> SERVER: PCFET0NUWVBFIGh0bWw+CjxodG1sIGxhbmc9ImVuIiB4bWxucz0iaHR0cDovL3d3dy53My5vcmcv

CLIENT -> SERVER: MTk5OS94aHRtbCI+CjxoZWFkPgogIDxtZXRhIGNoYXJzZXQ9IlVURi04IiAvPgogIDxtZXRhIG5h

CLIENT -> SERVER: bWU9InZpZXdwb3J0IiBjb250ZW50PSJ3aWR0aD1kZXZpY2Utd2lkdGgsIGluaXRpYWwtc2NhbGU9

CLIENT -> SERVER: MS4wIiAvPgogIDxtZXRhIGh0dHAtZXF1aXY9IlgtVUEtQ29tcGF0aWJsZSIgY29udGVudD0iSUU9

CLIENT -> SERVER: ZWRnZSIgLz4KICA8dGl0bGU+W0RQRUFSUC0wMDAwNV0gQ29ycmVzcG9uZGVuY2UgTm90aWZpY2F0

CLIENT -> SERVER: aW9uPC90aXRsZT4KPC9oZWFkPgo8Ym9keSBzdHlsZT0ibWFyZ2luOjA7IHBhZGRpbmc6MDsgYmFj

CLIENT -> SERVER: a2dyb3VuZC1jb2xvcjojZjNmNGY2OyBmb250LWZhbWlseTpTZWdvZSBVSSwgQXJpYWwsIHNhbnMt

CLIENT -> SERVER: c2VyaWY7IGNvbG9yOiMxMTE4Mjc7Ij4KICA8ZGl2IHN0eWxlPSJkaXNwbGF5Om5vbmU7IG1heC1o

CLIENT -> SERVER: ZWlnaHQ6MDsgb3ZlcmZsb3c6aGlkZGVuOyBvcGFjaXR5OjA7IG1zby1oaWRlOmFsbDsiPltEUEVB

CLIENT -> SERVER: UlAtMDAwMDVdIENvcnJlc3BvbmRlbmNlIE5vdGlmaWNhdGlvbjwvZGl2PgogIDx0YWJsZSByb2xl

CLIENT -> SERVER: PSJwcmVzZW50YXRpb24iIGNlbGxzcGFjaW5nPSIwIiBjZWxscGFkZGluZz0iMCIgYm9yZGVyPSIw

CLIENT -> SERVER: IiB3aWR0aD0iMTAwJSIgc3R5bGU9ImJhY2tncm91bmQtY29sb3I6I2YzZjRmNjsgbWFyZ2luOjA7

CLIENT -> SERVER: IHBhZGRpbmc6MjRweCAxMnB4OyI+CiAgICA8dHI+CiAgICAgIDx0ZCBhbGlnbj0iY2VudGVyIj4K

CLIENT -> SERVER: ICAgICAgICA8dGFibGUgcm9sZT0icHJlc2VudGF0aW9uIiBjZWxsc3BhY2luZz0iMCIgY2VsbHBh

CLIENT -> SERVER: ZGRpbmc9IjAiIGJvcmRlcj0iMCIgd2lkdGg9IjEwMCUiIHN0eWxlPSJtYXgtd2lkdGg6NjQwcHg7

CLIENT -> SERVER: IGJhY2tncm91bmQtY29sb3I6I2ZmZmZmZjsgYm9yZGVyOjFweCBzb2xpZCAjZTVlN2ViOyBib3Jk

CLIENT -> SERVER: ZXItcmFkaXVzOjEycHg7IG92ZXJmbG93OmhpZGRlbjsiPgogICAgICAgICAgPHRyPgogICAgICAg

CLIENT -> SERVER: ICAgICA8dGQgc3R5bGU9InBhZGRpbmc6MjRweCAyNHB4IDE4cHggMjRweDsgYm9yZGVyLWJvdHRv

CLIENT -> SERVER: bToxcHggc29saWQgI2U1ZTdlYjsgYmFja2dyb3VuZC1jb2xvcjojZjhmYWZjOyI+CiAgICAgICAg

CLIENT -> SERVER: ICAgICAgPGRpdiBzdHlsZT0iZm9udC1zaXplOjEycHg7IGxldHRlci1zcGFjaW5nOjEuNXB4OyB0

CLIENT -> SERVER: ZXh0LXRyYW5zZm9ybTp1cHBlcmNhc2U7IGNvbG9yOiM2NDc0OGI7IG1hcmdpbi1ib3R0b206OHB4

CLIENT -> SERVER: OyI+RFBFQVJQIENvcnJlc3BvbmRlbmNlIE1hbmFnZW1lbnQgU3lzdGVtPC9kaXY+CiAgICAgICAg

CLIENT -> SERVER: ICAgICAgPGRpdiBzdHlsZT0iZm9udC1zaXplOjIycHg7IGZvbnQtd2VpZ2h0OjcwMDsgY29sb3I6

CLIENT -> SERVER: IzBmMTcyYTsiPk5ldyBDb3JyZXNwb25kZW5jZSBBc3NpZ25lZDwvZGl2PgogICAgICAgICAgICA8

CLIENT -> SERVER: L3RkPgogICAgICAgICAgPC90cj4KICAgICAgICAgIDx0cj4KICAgICAgICAgICAgPHRkIHN0eWxl

CLIENT -> SERVER: PSJwYWRkaW5nOjI0cHg7Ij4KICAgICAgICAgICAgICA8cCBzdHlsZT0ibWFyZ2luOjAgMCAxMnB4

CLIENT -> SERVER: IDA7IGZvbnQtc2l6ZToxNXB4OyBsaW5lLWhlaWdodDoyNHB4OyBjb2xvcjojMzM0MTU1OyI+WW91

CLIENT -> SERVER: IGhhdmUgYmVlbiBhc3NpZ25lZCBhIGNvcnJlc3BvbmRlbmNlIGl0ZW0gdGhhdCByZXF1aXJlcyB5

CLIENT -> SERVER: b3VyIGF0dGVudGlvbi48L3A+CiAgICAgICAgICAgICAgPGRpdiBzdHlsZT0iYmFja2dyb3VuZC1j

CLIENT -> SERVER: b2xvcjojZjhmYWZjOyBib3JkZXI6MXB4IHNvbGlkICNlMmU4ZjA7IGJvcmRlci1yYWRpdXM6MTBw

CLIENT -> SERVER: eDsgcGFkZGluZzoxNnB4IDE4cHg7IG1hcmdpbjowIDAgMTZweCAwOyI+CiAgICAgICAgICAgICAg

CLIENT -> SERVER: ICA8dGFibGUgcm9sZT0icHJlc2VudGF0aW9uIiBjZWxsc3BhY2luZz0iMCIgY2VsbHBhZGRpbmc9

CLIENT -> SERVER: IjAiIGJvcmRlcj0iMCIgd2lkdGg9IjEwMCUiPgogICAgICAgICAgICAgICAgICA8dHI+CiAgICAg

CLIENT -> SERVER: ICAgICAgICAgICAgICAgPHRkIGNvbHNwYW49IjIiIHN0eWxlPSJwYWRkaW5nLWJvdHRvbToxMHB4

CLIENT -> SERVER: OyBmb250LXNpemU6MTNweDsgZm9udC13ZWlnaHQ6NzAwOyBjb2xvcjojNDc1NTY5OyB0ZXh0LXRy

CLIENT -> SERVER: YW5zZm9ybTp1cHBlcmNhc2U7IGxldHRlci1zcGFjaW5nOjAuMDRlbTsiPkNvcnJlc3BvbmRlbmNl

CLIENT -> SERVER: IERldGFpbHM8L3RkPgogICAgICAgICAgICAgICAgICA8L3RyPgogICAgICAgICAgICAgICAgICA8

CLIENT -> SERVER: dHI+PHRkIHN0eWxlPSJwYWRkaW5nOjZweCAwOyBmb250LXNpemU6MTRweDsgY29sb3I6IzY0NzQ4

CLIENT -> SERVER: Yjsgd2lkdGg6MzUlOyB2ZXJ0aWNhbC1hbGlnbjp0b3A7Ij5UcmFja2luZyBJRDwvdGQ+PHRkIHN0

CLIENT -> SERVER: eWxlPSJwYWRkaW5nOjZweCAwOyBmb250LXNpemU6MTRweDsgY29sb3I6IzBmMTcyYTsgZm9udC13

CLIENT -> SERVER: ZWlnaHQ6NjAwOyB2ZXJ0aWNhbC1hbGlnbjp0b3A7Ij5EUEVBUlAtMDAwMDU8L3RkPjwvdHI+PHRy

CLIENT -> SERVER: Pjx0ZCBzdHlsZT0icGFkZGluZzo2cHggMDsgZm9udC1zaXplOjE0cHg7IGNvbG9yOiM2NDc0OGI7

CLIENT -> SERVER: IHdpZHRoOjM1JTsgdmVydGljYWwtYWxpZ246dG9wOyI+Q29ycmVzcG9uZGVuY2UgVGl0bGU8L3Rk

CLIENT -> SERVER: Pjx0ZCBzdHlsZT0icGFkZGluZzo2cHggMDsgZm9udC1zaXplOjE0cHg7IGNvbG9yOiMwZjE3MmE7

CLIENT -> SERVER: IGZvbnQtd2VpZ2h0OjYwMDsgdmVydGljYWwtYWxpZ246dG9wOyI+dGVzdDwvdGQ+PC90cj48dHI+

CLIENT -> SERVER: PHRkIHN0eWxlPSJwYWRkaW5nOjZweCAwOyBmb250LXNpemU6MTRweDsgY29sb3I6IzY0NzQ4Yjsg

CLIENT -> SERVER: d2lkdGg6MzUlOyB2ZXJ0aWNhbC1hbGlnbjp0b3A7Ij5EZXNjcmlwdGlvbjwvdGQ+PHRkIHN0eWxl

CLIENT -> SERVER: PSJwYWRkaW5nOjZweCAwOyBmb250LXNpemU6MTRweDsgY29sb3I6IzBmMTcyYTsgZm9udC13ZWln

CLIENT -> SERVER: aHQ6NjAwOyB2ZXJ0aWNhbC1hbGlnbjp0b3A7Ij50ZXM8L3RkPjwvdHI+PHRyPjx0ZCBzdHlsZT0i

CLIENT -> SERVER: cGFkZGluZzo2cHggMDsgZm9udC1zaXplOjE0cHg7IGNvbG9yOiM2NDc0OGI7IHdpZHRoOjM1JTsg

CLIENT -> SERVER: dmVydGljYWwtYWxpZ246dG9wOyI+RHVlIERhdGU8L3RkPjx0ZCBzdHlsZT0icGFkZGluZzo2cHgg

CLIENT -> SERVER: MDsgZm9udC1zaXplOjE0cHg7IGNvbG9yOiMwZjE3MmE7IGZvbnQtd2VpZ2h0OjYwMDsgdmVydGlj

CLIENT -> SERVER: YWwtYWxpZ246dG9wOyI+MjAyNi0wNy0xMDwvdGQ+PC90cj48dHI+PHRkIHN0eWxlPSJwYWRkaW5n

CLIENT -> SERVER: OjZweCAwOyBmb250LXNpemU6MTRweDsgY29sb3I6IzY0NzQ4Yjsgd2lkdGg6MzUlOyB2ZXJ0aWNh

CLIENT -> SERVER: bC1hbGlnbjp0b3A7Ij5TZW5kZXI8L3RkPjx0ZCBzdHlsZT0icGFkZGluZzo2cHggMDsgZm9udC1z

CLIENT -> SERVER: aXplOjE0cHg7IGNvbG9yOiMwZjE3MmE7IGZvbnQtd2VpZ2h0OjYwMDsgdmVydGljYWwtYWxpZ246

CLIENT -> SERVER: dG9wOyI+bm9yZXBseUBkYWx0b24uY29tLnBoPC90ZD48L3RyPjx0cj48dGQgc3R5bGU9InBhZGRp

CLIENT -> SERVER: bmc6NnB4IDA7IGZvbnQtc2l6ZToxNHB4OyBjb2xvcjojNjQ3NDhiOyB3aWR0aDozNSU7IHZlcnRp

CLIENT -> SERVER: Y2FsLWFsaWduOnRvcDsiPkNpcmN1bGF0ZWQgQnk8L3RkPjx0ZCBzdHlsZT0icGFkZGluZzo2cHgg

CLIENT -> SERVER: MDsgZm9udC1zaXplOjE0cHg7IGNvbG9yOiMwZjE3MmE7IGZvbnQtd2VpZ2h0OjYwMDsgdmVydGlj

CLIENT -> SERVER: YWwtYWxpZ246dG9wOyI+WW9zaGl5dWtpIENhbm95PC90ZD48L3RyPgogICAgICAgICAgICAgICAg

CLIENT -> SERVER: PC90YWJsZT4KICAgICAgICAgICAgICA8L2Rpdj4KICAgICAgICAgICAgICA8ZGl2IHN0eWxlPSJi

CLIENT -> SERVER: YWNrZ3JvdW5kOmxpbmVhci1ncmFkaWVudCg5MGRlZywgI2VmZjZmZiAwJSwgI2Y4ZmJmZiAxMDAl

CLIENT -> SERVER: KTsgYm9yZGVyOjFweCBzb2xpZCAjYmZkYmZlOyBib3JkZXItbGVmdDo0cHggc29saWQgIzI1NjNl

CLIENT -> SERVER: YjsgYm9yZGVyLXJhZGl1czoxMHB4OyBwYWRkaW5nOjE2cHggMThweDsgbWFyZ2luOjAgMCAxNnB4

CLIENT -> SERVER: IDA7Ij4KICAgICAgICAgICAgICAgIDxwIHN0eWxlPSJtYXJnaW46MCAwIDZweCAwOyBmb250LXNp

CLIENT -> SERVER: emU6MTVweDsgZm9udC13ZWlnaHQ6NzAwOyBjb2xvcjojMGYxNzJhOyI+QWNjZXNzIFlvdXIgQ29y

CLIENT -> SERVER: cmVzcG9uZGVuY2UgdG8gc2VlIGZpbGU8L3A+CiAgICAgICAgICAgICAgICA8cCBzdHlsZT0ibWFy

CLIENT -> SERVER: Z2luOjAgMCAxMHB4IDA7IGZvbnQtc2l6ZToxNHB4OyBsaW5lLWhlaWdodDoyMnB4OyBjb2xvcjoj

CLIENT -> SERVER: MzM0MTU1OyI+SWYgeW91IGhhdmUgYW4gYWNjb3VudCBvbiB0aGUgb3JnYW5pemF0aW9uJ3MgSW50

CLIENT -> SERVER: cmFuZXQgb3IgQ29ycmVzcG9uZGVuY2UgTWFuYWdlbWVudCBTeXN0ZW0sIHlvdSBjYW4gbG9nIGlu

CLIENT -> SERVER: IHRvIHZpZXcgdGhlIGNvcnJlc3BvbmRlbmNlLCB0cmFjayBpdHMgc3RhdHVzLCBhbmQgYWNjZXNz

CLIENT -> SERVER: IGFsbCBhc3NvY2lhdGVkIGRvY3VtZW50cyBhbmQgdXBkYXRlcy48L3A+CiAgICAgICAgICAgICAg

CLIENT -> SERVER: ICA8ZGl2IHN0eWxlPSJkaXNwbGF5OmlubGluZS1ibG9jazsgcGFkZGluZzo4cHggMTJweDsgYm9y

CLIENT -> SERVER: ZGVyOjFweCBzb2xpZCAjOTNjNWZkOyBib3JkZXItcmFkaXVzOjk5OXB4OyBiYWNrZ3JvdW5kLWNv

CLIENT -> SERVER: bG9yOiNmZmZmZmY7IGZvbnQtc2l6ZToxM3B4OyBmb250LXdlaWdodDo2MDA7IGNvbG9yOiMxZDRl

CLIENT -> SERVER: ZDg7Ij5Mb2cgSW4gdG8gdGhlIEludHJhbmV0PC9kaXY+CiAgICAgICAgICAgICAgPC9kaXY+CiAg

CLIENT -> SERVER: ICAgICAgICAgICAgPHAgc3R5bGU9Im1hcmdpbjowOyBmb250LXNpemU6MTNweDsgbGluZS1oZWln

CLIENT -> SERVER: aHQ6MjFweDsgY29sb3I6IzY0NzQ4YjsiPlBsZWFzZSByZXZpZXcgdGhlIGNvcnJlc3BvbmRlbmNl

CLIENT -> SERVER: IGF0IHlvdXIgZWFybGllc3QgY29udmVuaWVuY2UuPC9wPgogICAgICAgICAgICA8L3RkPgogICAg

CLIENT -> SERVER: ICAgICAgPC90cj4KICAgICAgICAgIDx0cj4KICAgICAgICAgICAgPHRkIHN0eWxlPSJwYWRkaW5n

CLIENT -> SERVER: OjAgMjRweCAyNHB4IDI0cHg7Ij4KICAgICAgICAgICAgICA8ZGl2IHN0eWxlPSJib3JkZXItdG9w

CLIENT -> SERVER: OjFweCBzb2xpZCAjZTVlN2ViOyBwYWRkaW5nLXRvcDoxNnB4OyBmb250LXNpemU6MTJweDsgbGlu

CLIENT -> SERVER: ZS1oZWlnaHQ6MThweDsgY29sb3I6IzY0NzQ4YjsiPgogICAgICAgICAgICAgICAgPHAgc3R5bGU9

CLIENT -> SERVER: Im1hcmdpbjowIDAgNHB4IDA7Ij5UaGlzIGlzIGFuIGF1dG9tYXRlZCBub3RpZmljYXRpb24gZnJv

CLIENT -> SERVER: bSBEUEVBUlAuPC9wPgogICAgICAgICAgICAgICAgPHAgc3R5bGU9Im1hcmdpbjowIDAgNHB4IDA7

CLIENT -> SERVER: Ij5QbGVhc2UgZG8gbm90IHJlcGx5IHRvIHRoaXMgZW1haWwuPC9wPgogICAgICAgICAgICAgICAg

CLIENT -> SERVER: PHAgc3R5bGU9Im1hcmdpbjowOyI+wqkgMjAyNiBEUEVBUlAuIEFsbCByaWdodHMgcmVzZXJ2ZWQu

CLIENT -> SERVER: PC9wPgogICAgICAgICAgICAgIDwvZGl2PgogICAgICAgICAgICA8L3RkPgogICAgICAgICAgPC90

CLIENT -> SERVER: cj4KICAgICAgICA8L3RhYmxlPgogICAgICA8L3RkPgogICAgPC90cj4KICA8L3RhYmxlPgo8L2Jv

CLIENT -> SERVER: ZHk+CjwvaHRtbD4=

CLIENT -> SERVER: 

CLIENT -> SERVER: 

CLIENT -> SERVER: --b1=_EG9pNe5bZDey7PgzsBVcJpRqZ4glzBOFUXtsrOMH8wg--

CLIENT -> SERVER: 

CLIENT -> SERVER: .

SERVER -> CLIENT: 250 OK id=1wjTK5-0000000F8fC-1nuP

CLIENT -> SERVER: QUIT

SERVER -> CLIENT: 221 server.philkoei.com.ph closing connection


SERVER -> CLIENT: 220-server.philkoei.com.ph ESMTP Exim 4.99.4 #2 Tue, 14 Jul 2026 04:58:12 -0400 
220-We do not authorize the use of this system to transport unsolicited, 
220 and/or bulk e-mail.

CLIENT -> SERVER: EHLO srvlnxintradev2

SERVER -> CLIENT: 250-server.philkoei.com.ph Hello srvlnxintradev2 [210.5.68.242]
250-SIZE 52428800
250-LIMITS MAILMAX=1000 RCPTMAX=50000
250-8BITMIME
250-PIPELINING
250-PIPECONNECT
250-AUTH PLAIN LOGIN
250 HELP

CLIENT -> SERVER: AUTH LOGIN

SERVER -> CLIENT: 334 VXNlcm5hbWU6

CLIENT -> SERVER: [credentials hidden]
SERVER -> CLIENT: 334 UGFzc3dvcmQ6

CLIENT -> SERVER: [credentials hidden]
SERVER -> CLIENT: 235 Authentication succeeded

CLIENT -> SERVER: MAIL FROM:<testmail@philkoei.com.ph>

SERVER -> CLIENT: 250 OK

CLIENT -> SERVER: RCPT TO:<ycanoy12@gmail.com>

SERVER -> CLIENT: 250 Accepted

CLIENT -> SERVER: DATA

SERVER -> CLIENT: 354 Enter message, ending with "." on a line by itself

CLIENT -> SERVER: Date: Tue, 14 Jul 2026 16:58:11 +0800

CLIENT -> SERVER: To: ycanoy12@gmail.com

CLIENT -> SERVER: From: DP Intranet <testmail@philkoei.com.ph>

CLIENT -> SERVER: Subject: [DPEARP-00004] Correspondence Notification: test

CLIENT -> SERVER: Message-ID: <TR8nu743IpYMru63L0bnwlzu485dYjcnBJa7InOp28E@srvlnxintradev2>

CLIENT -> SERVER: X-Mailer: PHPMailer 7.1.1 (https://github.com/PHPMailer/PHPMailer)

CLIENT -> SERVER: MIME-Version: 1.0

CLIENT -> SERVER: Content-Type: multipart/alternative;

CLIENT -> SERVER:  boundary="b1=_TR8nu743IpYMru63L0bnwlzu485dYjcnBJa7InOp28E"

CLIENT -> SERVER: 

CLIENT -> SERVER: --b1=_TR8nu743IpYMru63L0bnwlzu485dYjcnBJa7InOp28E

CLIENT -> SERVER: Content-Type: text/plain; charset=UTF-8

CLIENT -> SERVER: Content-Transfer-Encoding: base64

CLIENT -> SERVER: 

CLIENT -> SERVER: CgoKICAKICAKICAKICBbRFBFQVJQLTAwMDA0XSBDb3JyZXNwb25kZW5jZSBOb3RpZmljYXRpb24K

CLIENT -> SERVER: CgogIFtEUEVBUlAtMDAwMDRdIENvcnJlc3BvbmRlbmNlIE5vdGlmaWNhdGlvbgogIAogICAgCiAg

CLIENT -> SERVER: ICAgIAogICAgICAgIAogICAgICAgICAgCiAgICAgICAgICAgIAogICAgICAgICAgICAgIERQRUFS

CLIENT -> SERVER: UCBDb3JyZXNwb25kZW5jZSBNYW5hZ2VtZW50IFN5c3RlbQogICAgICAgICAgICAgIE5ldyBDb3Jy

CLIENT -> SERVER: ZXNwb25kZW5jZSBBc3NpZ25lZAogICAgICAgICAgICAKICAgICAgICAgIAogICAgICAgICAgCiAg

CLIENT -> SERVER: ICAgICAgICAgIAogICAgICAgICAgICAgIFlvdSBoYXZlIGJlZW4gYXNzaWduZWQgYSBjb3JyZXNw

CLIENT -> SERVER: b25kZW5jZSBpdGVtIHRoYXQgcmVxdWlyZXMgeW91ciBhdHRlbnRpb24uCiAgICAgICAgICAgICAg

CLIENT -> SERVER: CiAgICAgICAgICAgICAgICAKICAgICAgICAgICAgICAgICAgCiAgICAgICAgICAgICAgICAgICAg

CLIENT -> SERVER: Q29ycmVzcG9uZGVuY2UgRGV0YWlscwogICAgICAgICAgICAgICAgICAKICAgICAgICAgICAgICAg

CLIENT -> SERVER: ICAgVHJhY2tpbmcgSUREUEVBUlAtMDAwMDRDb3JyZXNwb25kZW5jZSBUaXRsZXRlc3REZXNjcmlw

CLIENT -> SERVER: dGlvbnRlc3REdWUgRGF0ZTIwMjYtMDctMTZTZW5kZXJub3JlcGx5QGRhbHRvbi5jb20ucGhDaXJj

CLIENT -> SERVER: dWxhdGVkIEJ5WW9zaGl5dWtpIENhbm95CiAgICAgICAgICAgICAgICAKICAgICAgICAgICAgICAK

CLIENT -> SERVER: ICAgICAgICAgICAgICAKICAgICAgICAgICAgICAgIEFjY2VzcyBZb3VyIENvcnJlc3BvbmRlbmNl

CLIENT -> SERVER: IHRvIHNlZSBmaWxlCiAgICAgICAgICAgICAgICBJZiB5b3UgaGF2ZSBhbiBhY2NvdW50IG9uIHRo

CLIENT -> SERVER: ZSBvcmdhbml6YXRpb24ncyBJbnRyYW5ldCBvciBDb3JyZXNwb25kZW5jZSBNYW5hZ2VtZW50IFN5

CLIENT -> SERVER: c3RlbSwgeW91IGNhbiBsb2cgaW4gdG8gdmlldyB0aGUgY29ycmVzcG9uZGVuY2UsIHRyYWNrIGl0

CLIENT -> SERVER: cyBzdGF0dXMsIGFuZCBhY2Nlc3MgYWxsIGFzc29jaWF0ZWQgZG9jdW1lbnRzIGFuZCB1cGRhdGVz

CLIENT -> SERVER: LgogICAgICAgICAgICAgICAgTG9nIEluIHRvIHRoZSBJbnRyYW5ldAogICAgICAgICAgICAgIAog

CLIENT -> SERVER: ICAgICAgICAgICAgIFBsZWFzZSByZXZpZXcgdGhlIGNvcnJlc3BvbmRlbmNlIGF0IHlvdXIgZWFy

CLIENT -> SERVER: bGllc3QgY29udmVuaWVuY2UuCiAgICAgICAgICAgIAogICAgICAgICAgCiAgICAgICAgICAKICAg

CLIENT -> SERVER: ICAgICAgICAgCiAgICAgICAgICAgICAgCiAgICAgICAgICAgICAgICBUaGlzIGlzIGFuIGF1dG9t

CLIENT -> SERVER: YXRlZCBub3RpZmljYXRpb24gZnJvbSBEUEVBUlAuCiAgICAgICAgICAgICAgICBQbGVhc2UgZG8g

CLIENT -> SERVER: bm90IHJlcGx5IHRvIHRoaXMgZW1haWwuCiAgICAgICAgICAgICAgICDCqSAyMDI2IERQRUFSUC4g

CLIENT -> SERVER: QWxsIHJpZ2h0cyByZXNlcnZlZC4KICAgICAgICAgICAgICAKICAgICAgICAgICAgCiAgICAgICAg

CLIENT -> SERVER: ICAKICAgICAgICAKICAgICAgCiAgICAKICAKCg==

CLIENT -> SERVER: 

CLIENT -> SERVER: --b1=_TR8nu743IpYMru63L0bnwlzu485dYjcnBJa7InOp28E

CLIENT -> SERVER: Content-Type: text/html; charset=UTF-8

CLIENT -> SERVER: Content-Transfer-Encoding: base64

CLIENT -> SERVER: 

CLIENT -> SERVER: PCFET0NUWVBFIGh0bWw+CjxodG1sIGxhbmc9ImVuIiB4bWxucz0iaHR0cDovL3d3dy53My5vcmcv

CLIENT -> SERVER: MTk5OS94aHRtbCI+CjxoZWFkPgogIDxtZXRhIGNoYXJzZXQ9IlVURi04IiAvPgogIDxtZXRhIG5h

CLIENT -> SERVER: bWU9InZpZXdwb3J0IiBjb250ZW50PSJ3aWR0aD1kZXZpY2Utd2lkdGgsIGluaXRpYWwtc2NhbGU9

CLIENT -> SERVER: MS4wIiAvPgogIDxtZXRhIGh0dHAtZXF1aXY9IlgtVUEtQ29tcGF0aWJsZSIgY29udGVudD0iSUU9

CLIENT -> SERVER: ZWRnZSIgLz4KICA8dGl0bGU+W0RQRUFSUC0wMDAwNF0gQ29ycmVzcG9uZGVuY2UgTm90aWZpY2F0

CLIENT -> SERVER: aW9uPC90aXRsZT4KPC9oZWFkPgo8Ym9keSBzdHlsZT0ibWFyZ2luOjA7IHBhZGRpbmc6MDsgYmFj

CLIENT -> SERVER: a2dyb3VuZC1jb2xvcjojZjNmNGY2OyBmb250LWZhbWlseTpTZWdvZSBVSSwgQXJpYWwsIHNhbnMt

CLIENT -> SERVER: c2VyaWY7IGNvbG9yOiMxMTE4Mjc7Ij4KICA8ZGl2IHN0eWxlPSJkaXNwbGF5Om5vbmU7IG1heC1o

CLIENT -> SERVER: ZWlnaHQ6MDsgb3ZlcmZsb3c6aGlkZGVuOyBvcGFjaXR5OjA7IG1zby1oaWRlOmFsbDsiPltEUEVB

CLIENT -> SERVER: UlAtMDAwMDRdIENvcnJlc3BvbmRlbmNlIE5vdGlmaWNhdGlvbjwvZGl2PgogIDx0YWJsZSByb2xl

CLIENT -> SERVER: PSJwcmVzZW50YXRpb24iIGNlbGxzcGFjaW5nPSIwIiBjZWxscGFkZGluZz0iMCIgYm9yZGVyPSIw

CLIENT -> SERVER: IiB3aWR0aD0iMTAwJSIgc3R5bGU9ImJhY2tncm91bmQtY29sb3I6I2YzZjRmNjsgbWFyZ2luOjA7

CLIENT -> SERVER: IHBhZGRpbmc6MjRweCAxMnB4OyI+CiAgICA8dHI+CiAgICAgIDx0ZCBhbGlnbj0iY2VudGVyIj4K

CLIENT -> SERVER: ICAgICAgICA8dGFibGUgcm9sZT0icHJlc2VudGF0aW9uIiBjZWxsc3BhY2luZz0iMCIgY2VsbHBh

CLIENT -> SERVER: ZGRpbmc9IjAiIGJvcmRlcj0iMCIgd2lkdGg9IjEwMCUiIHN0eWxlPSJtYXgtd2lkdGg6NjQwcHg7

CLIENT -> SERVER: IGJhY2tncm91bmQtY29sb3I6I2ZmZmZmZjsgYm9yZGVyOjFweCBzb2xpZCAjZTVlN2ViOyBib3Jk

CLIENT -> SERVER: ZXItcmFkaXVzOjEycHg7IG92ZXJmbG93OmhpZGRlbjsiPgogICAgICAgICAgPHRyPgogICAgICAg

CLIENT -> SERVER: ICAgICA8dGQgc3R5bGU9InBhZGRpbmc6MjRweCAyNHB4IDE4cHggMjRweDsgYm9yZGVyLWJvdHRv

CLIENT -> SERVER: bToxcHggc29saWQgI2U1ZTdlYjsgYmFja2dyb3VuZC1jb2xvcjojZjhmYWZjOyI+CiAgICAgICAg

CLIENT -> SERVER: ICAgICAgPGRpdiBzdHlsZT0iZm9udC1zaXplOjEycHg7IGxldHRlci1zcGFjaW5nOjEuNXB4OyB0

CLIENT -> SERVER: ZXh0LXRyYW5zZm9ybTp1cHBlcmNhc2U7IGNvbG9yOiM2NDc0OGI7IG1hcmdpbi1ib3R0b206OHB4

CLIENT -> SERVER: OyI+RFBFQVJQIENvcnJlc3BvbmRlbmNlIE1hbmFnZW1lbnQgU3lzdGVtPC9kaXY+CiAgICAgICAg

CLIENT -> SERVER: ICAgICAgPGRpdiBzdHlsZT0iZm9udC1zaXplOjIycHg7IGZvbnQtd2VpZ2h0OjcwMDsgY29sb3I6

CLIENT -> SERVER: IzBmMTcyYTsiPk5ldyBDb3JyZXNwb25kZW5jZSBBc3NpZ25lZDwvZGl2PgogICAgICAgICAgICA8

CLIENT -> SERVER: L3RkPgogICAgICAgICAgPC90cj4KICAgICAgICAgIDx0cj4KICAgICAgICAgICAgPHRkIHN0eWxl

CLIENT -> SERVER: PSJwYWRkaW5nOjI0cHg7Ij4KICAgICAgICAgICAgICA8cCBzdHlsZT0ibWFyZ2luOjAgMCAxMnB4

CLIENT -> SERVER: IDA7IGZvbnQtc2l6ZToxNXB4OyBsaW5lLWhlaWdodDoyNHB4OyBjb2xvcjojMzM0MTU1OyI+WW91

CLIENT -> SERVER: IGhhdmUgYmVlbiBhc3NpZ25lZCBhIGNvcnJlc3BvbmRlbmNlIGl0ZW0gdGhhdCByZXF1aXJlcyB5

CLIENT -> SERVER: b3VyIGF0dGVudGlvbi48L3A+CiAgICAgICAgICAgICAgPGRpdiBzdHlsZT0iYmFja2dyb3VuZC1j

CLIENT -> SERVER: b2xvcjojZjhmYWZjOyBib3JkZXI6MXB4IHNvbGlkICNlMmU4ZjA7IGJvcmRlci1yYWRpdXM6MTBw

CLIENT -> SERVER: eDsgcGFkZGluZzoxNnB4IDE4cHg7IG1hcmdpbjowIDAgMTZweCAwOyI+CiAgICAgICAgICAgICAg

CLIENT -> SERVER: ICA8dGFibGUgcm9sZT0icHJlc2VudGF0aW9uIiBjZWxsc3BhY2luZz0iMCIgY2VsbHBhZGRpbmc9

CLIENT -> SERVER: IjAiIGJvcmRlcj0iMCIgd2lkdGg9IjEwMCUiPgogICAgICAgICAgICAgICAgICA8dHI+CiAgICAg

CLIENT -> SERVER: ICAgICAgICAgICAgICAgPHRkIGNvbHNwYW49IjIiIHN0eWxlPSJwYWRkaW5nLWJvdHRvbToxMHB4

CLIENT -> SERVER: OyBmb250LXNpemU6MTNweDsgZm9udC13ZWlnaHQ6NzAwOyBjb2xvcjojNDc1NTY5OyB0ZXh0LXRy

CLIENT -> SERVER: YW5zZm9ybTp1cHBlcmNhc2U7IGxldHRlci1zcGFjaW5nOjAuMDRlbTsiPkNvcnJlc3BvbmRlbmNl

CLIENT -> SERVER: IERldGFpbHM8L3RkPgogICAgICAgICAgICAgICAgICA8L3RyPgogICAgICAgICAgICAgICAgICA8

CLIENT -> SERVER: dHI+PHRkIHN0eWxlPSJwYWRkaW5nOjZweCAwOyBmb250LXNpemU6MTRweDsgY29sb3I6IzY0NzQ4

CLIENT -> SERVER: Yjsgd2lkdGg6MzUlOyB2ZXJ0aWNhbC1hbGlnbjp0b3A7Ij5UcmFja2luZyBJRDwvdGQ+PHRkIHN0

CLIENT -> SERVER: eWxlPSJwYWRkaW5nOjZweCAwOyBmb250LXNpemU6MTRweDsgY29sb3I6IzBmMTcyYTsgZm9udC13

CLIENT -> SERVER: ZWlnaHQ6NjAwOyB2ZXJ0aWNhbC1hbGlnbjp0b3A7Ij5EUEVBUlAtMDAwMDQ8L3RkPjwvdHI+PHRy

CLIENT -> SERVER: Pjx0ZCBzdHlsZT0icGFkZGluZzo2cHggMDsgZm9udC1zaXplOjE0cHg7IGNvbG9yOiM2NDc0OGI7

CLIENT -> SERVER: IHdpZHRoOjM1JTsgdmVydGljYWwtYWxpZ246dG9wOyI+Q29ycmVzcG9uZGVuY2UgVGl0bGU8L3Rk

CLIENT -> SERVER: Pjx0ZCBzdHlsZT0icGFkZGluZzo2cHggMDsgZm9udC1zaXplOjE0cHg7IGNvbG9yOiMwZjE3MmE7

CLIENT -> SERVER: IGZvbnQtd2VpZ2h0OjYwMDsgdmVydGljYWwtYWxpZ246dG9wOyI+dGVzdDwvdGQ+PC90cj48dHI+

CLIENT -> SERVER: PHRkIHN0eWxlPSJwYWRkaW5nOjZweCAwOyBmb250LXNpemU6MTRweDsgY29sb3I6IzY0NzQ4Yjsg

CLIENT -> SERVER: d2lkdGg6MzUlOyB2ZXJ0aWNhbC1hbGlnbjp0b3A7Ij5EZXNjcmlwdGlvbjwvdGQ+PHRkIHN0eWxl

CLIENT -> SERVER: PSJwYWRkaW5nOjZweCAwOyBmb250LXNpemU6MTRweDsgY29sb3I6IzBmMTcyYTsgZm9udC13ZWln

CLIENT -> SERVER: aHQ6NjAwOyB2ZXJ0aWNhbC1hbGlnbjp0b3A7Ij50ZXN0PC90ZD48L3RyPjx0cj48dGQgc3R5bGU9

CLIENT -> SERVER: InBhZGRpbmc6NnB4IDA7IGZvbnQtc2l6ZToxNHB4OyBjb2xvcjojNjQ3NDhiOyB3aWR0aDozNSU7

CLIENT -> SERVER: IHZlcnRpY2FsLWFsaWduOnRvcDsiPkR1ZSBEYXRlPC90ZD48dGQgc3R5bGU9InBhZGRpbmc6NnB4

CLIENT -> SERVER: IDA7IGZvbnQtc2l6ZToxNHB4OyBjb2xvcjojMGYxNzJhOyBmb250LXdlaWdodDo2MDA7IHZlcnRp

CLIENT -> SERVER: Y2FsLWFsaWduOnRvcDsiPjIwMjYtMDctMTY8L3RkPjwvdHI+PHRyPjx0ZCBzdHlsZT0icGFkZGlu

CLIENT -> SERVER: Zzo2cHggMDsgZm9udC1zaXplOjE0cHg7IGNvbG9yOiM2NDc0OGI7IHdpZHRoOjM1JTsgdmVydGlj

CLIENT -> SERVER: YWwtYWxpZ246dG9wOyI+U2VuZGVyPC90ZD48dGQgc3R5bGU9InBhZGRpbmc6NnB4IDA7IGZvbnQt

CLIENT -> SERVER: c2l6ZToxNHB4OyBjb2xvcjojMGYxNzJhOyBmb250LXdlaWdodDo2MDA7IHZlcnRpY2FsLWFsaWdu

CLIENT -> SERVER: OnRvcDsiPm5vcmVwbHlAZGFsdG9uLmNvbS5waDwvdGQ+PC90cj48dHI+PHRkIHN0eWxlPSJwYWRk

CLIENT -> SERVER: aW5nOjZweCAwOyBmb250LXNpemU6MTRweDsgY29sb3I6IzY0NzQ4Yjsgd2lkdGg6MzUlOyB2ZXJ0

CLIENT -> SERVER: aWNhbC1hbGlnbjp0b3A7Ij5DaXJjdWxhdGVkIEJ5PC90ZD48dGQgc3R5bGU9InBhZGRpbmc6NnB4

CLIENT -> SERVER: IDA7IGZvbnQtc2l6ZToxNHB4OyBjb2xvcjojMGYxNzJhOyBmb250LXdlaWdodDo2MDA7IHZlcnRp

CLIENT -> SERVER: Y2FsLWFsaWduOnRvcDsiPllvc2hpeXVraSBDYW5veTwvdGQ+PC90cj4KICAgICAgICAgICAgICAg

CLIENT -> SERVER: IDwvdGFibGU+CiAgICAgICAgICAgICAgPC9kaXY+CiAgICAgICAgICAgICAgPGRpdiBzdHlsZT0i

CLIENT -> SERVER: YmFja2dyb3VuZDpsaW5lYXItZ3JhZGllbnQoOTBkZWcsICNlZmY2ZmYgMCUsICNmOGZiZmYgMTAw

CLIENT -> SERVER: JSk7IGJvcmRlcjoxcHggc29saWQgI2JmZGJmZTsgYm9yZGVyLWxlZnQ6NHB4IHNvbGlkICMyNTYz

CLIENT -> SERVER: ZWI7IGJvcmRlci1yYWRpdXM6MTBweDsgcGFkZGluZzoxNnB4IDE4cHg7IG1hcmdpbjowIDAgMTZw

CLIENT -> SERVER: eCAwOyI+CiAgICAgICAgICAgICAgICA8cCBzdHlsZT0ibWFyZ2luOjAgMCA2cHggMDsgZm9udC1z

CLIENT -> SERVER: aXplOjE1cHg7IGZvbnQtd2VpZ2h0OjcwMDsgY29sb3I6IzBmMTcyYTsiPkFjY2VzcyBZb3VyIENv

CLIENT -> SERVER: cnJlc3BvbmRlbmNlIHRvIHNlZSBmaWxlPC9wPgogICAgICAgICAgICAgICAgPHAgc3R5bGU9Im1h

CLIENT -> SERVER: cmdpbjowIDAgMTBweCAwOyBmb250LXNpemU6MTRweDsgbGluZS1oZWlnaHQ6MjJweDsgY29sb3I6

CLIENT -> SERVER: IzMzNDE1NTsiPklmIHlvdSBoYXZlIGFuIGFjY291bnQgb24gdGhlIG9yZ2FuaXphdGlvbidzIElu

CLIENT -> SERVER: dHJhbmV0IG9yIENvcnJlc3BvbmRlbmNlIE1hbmFnZW1lbnQgU3lzdGVtLCB5b3UgY2FuIGxvZyBp

CLIENT -> SERVER: biB0byB2aWV3IHRoZSBjb3JyZXNwb25kZW5jZSwgdHJhY2sgaXRzIHN0YXR1cywgYW5kIGFjY2Vz

CLIENT -> SERVER: cyBhbGwgYXNzb2NpYXRlZCBkb2N1bWVudHMgYW5kIHVwZGF0ZXMuPC9wPgogICAgICAgICAgICAg

CLIENT -> SERVER: ICAgPGRpdiBzdHlsZT0iZGlzcGxheTppbmxpbmUtYmxvY2s7IHBhZGRpbmc6OHB4IDEycHg7IGJv

CLIENT -> SERVER: cmRlcjoxcHggc29saWQgIzkzYzVmZDsgYm9yZGVyLXJhZGl1czo5OTlweDsgYmFja2dyb3VuZC1j

CLIENT -> SERVER: b2xvcjojZmZmZmZmOyBmb250LXNpemU6MTNweDsgZm9udC13ZWlnaHQ6NjAwOyBjb2xvcjojMWQ0

CLIENT -> SERVER: ZWQ4OyI+TG9nIEluIHRvIHRoZSBJbnRyYW5ldDwvZGl2PgogICAgICAgICAgICAgIDwvZGl2Pgog

CLIENT -> SERVER: ICAgICAgICAgICAgIDxwIHN0eWxlPSJtYXJnaW46MDsgZm9udC1zaXplOjEzcHg7IGxpbmUtaGVp

CLIENT -> SERVER: Z2h0OjIxcHg7IGNvbG9yOiM2NDc0OGI7Ij5QbGVhc2UgcmV2aWV3IHRoZSBjb3JyZXNwb25kZW5j

CLIENT -> SERVER: ZSBhdCB5b3VyIGVhcmxpZXN0IGNvbnZlbmllbmNlLjwvcD4KICAgICAgICAgICAgPC90ZD4KICAg

CLIENT -> SERVER: ICAgICAgIDwvdHI+CiAgICAgICAgICA8dHI+CiAgICAgICAgICAgIDx0ZCBzdHlsZT0icGFkZGlu

CLIENT -> SERVER: ZzowIDI0cHggMjRweCAyNHB4OyI+CiAgICAgICAgICAgICAgPGRpdiBzdHlsZT0iYm9yZGVyLXRv

CLIENT -> SERVER: cDoxcHggc29saWQgI2U1ZTdlYjsgcGFkZGluZy10b3A6MTZweDsgZm9udC1zaXplOjEycHg7IGxp

CLIENT -> SERVER: bmUtaGVpZ2h0OjE4cHg7IGNvbG9yOiM2NDc0OGI7Ij4KICAgICAgICAgICAgICAgIDxwIHN0eWxl

CLIENT -> SERVER: PSJtYXJnaW46MCAwIDRweCAwOyI+VGhpcyBpcyBhbiBhdXRvbWF0ZWQgbm90aWZpY2F0aW9uIGZy

CLIENT -> SERVER: b20gRFBFQVJQLjwvcD4KICAgICAgICAgICAgICAgIDxwIHN0eWxlPSJtYXJnaW46MCAwIDRweCAw

CLIENT -> SERVER: OyI+UGxlYXNlIGRvIG5vdCByZXBseSB0byB0aGlzIGVtYWlsLjwvcD4KICAgICAgICAgICAgICAg

CLIENT -> SERVER: IDxwIHN0eWxlPSJtYXJnaW46MDsiPsKpIDIwMjYgRFBFQVJQLiBBbGwgcmlnaHRzIHJlc2VydmVk

CLIENT -> SERVER: LjwvcD4KICAgICAgICAgICAgICA8L2Rpdj4KICAgICAgICAgICAgPC90ZD4KICAgICAgICAgIDwv

CLIENT -> SERVER: dHI+CiAgICAgICAgPC90YWJsZT4KICAgICAgPC90ZD4KICAgIDwvdHI+CiAgPC90YWJsZT4KPC9i

CLIENT -> SERVER: b2R5Pgo8L2h0bWw+

CLIENT -> SERVER: 

CLIENT -> SERVER: 

CLIENT -> SERVER: --b1=_TR8nu743IpYMru63L0bnwlzu485dYjcnBJa7InOp28E--

CLIENT -> SERVER: 

CLIENT -> SERVER: .

SERVER -> CLIENT: 250 OK id=1wjYxy-0000000Fdfa-0NJj

CLIENT -> SERVER: QUIT

SERVER -> CLIENT: 221 server.philkoei.com.ph closing connection

SERVER -> CLIENT: 220-server.philkoei.com.ph ESMTP Exim 4.99.4 #2 Tue, 14 Jul 2026 04:58:14 -0400 
220-We do not authorize the use of this system to transport unsolicited, 
220 and/or bulk e-mail.

CLIENT -> SERVER: EHLO srvlnxintradev2

SERVER -> CLIENT: 250-server.philkoei.com.ph Hello srvlnxintradev2 [210.5.68.242]
250-SIZE 52428800
250-LIMITS MAILMAX=1000 RCPTMAX=50000
250-8BITMIME
250-PIPELINING
250-PIPECONNECT
250-AUTH PLAIN LOGIN
250 HELP

CLIENT -> SERVER: AUTH LOGIN

SERVER -> CLIENT: 334 VXNlcm5hbWU6

CLIENT -> SERVER: [credentials hidden]
SERVER -> CLIENT: 334 UGFzc3dvcmQ6

CLIENT -> SERVER: [credentials hidden]
SERVER -> CLIENT: 235 Authentication succeeded

CLIENT -> SERVER: MAIL FROM:<testmail@philkoei.com.ph>

SERVER -> CLIENT: 250 OK

CLIENT -> SERVER: RCPT TO:<jdelacruz@example.com>

SERVER -> CLIENT: 550-The mail server could not deliver mail to jdelacruz@example.com.  The
550-account or domain may not exist, they may be blacklisted, or missing the
550 proper dns entries.

SMTP ERROR: RCPT TO command failed: 550-The mail server could not deliver mail to jdelacruz@example.com.  The
550-account or domain may not exist, they may be blacklisted, or missing the
550 proper dns entries.

CLIENT -> SERVER: QUIT

SERVER -> CLIENT: 221 server.philkoei.com.ph closing connection

SMTP Error: The following recipients failed: jdelacruz@example.com: The mail server could not deliver mail to jdelacruz@example.com.  The
account or domain may not exist, they may be blacklisted, or missing the
proper dns entries.

Mail Error: SMTP Error: The following recipients failed: jdelacruz@example.com: The mail server could not deliver mail to jdelacruz@example.com.  The
account or domain may not exist, they may be blacklisted, or missing the
proper dns entries.

SERVER -> CLIENT: 220-server.philkoei.com.ph ESMTP Exim 4.99.4 #2 Tue, 14 Jul 2026 04:58:17 -0400 
220-We do not authorize the use of this system to transport unsolicited, 
220 and/or bulk e-mail.

CLIENT -> SERVER: EHLO srvlnxintradev2

SERVER -> CLIENT: 250-server.philkoei.com.ph Hello srvlnxintradev2 [210.5.68.242]
250-SIZE 52428800
250-LIMITS MAILMAX=1000 RCPTMAX=50000
250-8BITMIME
250-PIPELINING
250-PIPECONNECT
250-AUTH PLAIN LOGIN
250 HELP

CLIENT -> SERVER: AUTH LOGIN

SERVER -> CLIENT: 334 VXNlcm5hbWU6

CLIENT -> SERVER: [credentials hidden]
SERVER -> CLIENT: 334 UGFzc3dvcmQ6

CLIENT -> SERVER: [credentials hidden]
SERVER -> CLIENT: 220-server.philkoei.com.ph ESMTP Exim 4.99.4 #2 Tue, 14 Jul 2026 04:58:17 -0400 
220-We do not authorize the use of this system to transport unsolicited, 
220 and/or bulk e-mail.

CLIENT -> SERVER: EHLO srvlnxintradev2

SERVER -> CLIENT: 235 Authentication succeeded

CLIENT -> SERVER: MAIL FROM:<testmail@philkoei.com.ph>

SERVER -> CLIENT: 250-server.philkoei.com.ph Hello srvlnxintradev2 [210.5.68.242]
250-SIZE 52428800
250-LIMITS MAILMAX=1000 RCPTMAX=50000
250-8BITMIME
250-PIPELINING
250-PIPECONNECT
250-AUTH PLAIN LOGIN
250 HELP

CLIENT -> SERVER: AUTH LOGIN

SERVER -> CLIENT: 250 OK

CLIENT -> SERVER: RCPT TO:<msantos@example.com>

SERVER -> CLIENT: 334 VXNlcm5hbWU6

CLIENT -> SERVER: [credentials hidden]
SERVER -> CLIENT: 550-The mail server could not deliver mail to msantos@example.com.  The account
550-or domain may not exist, they may be blacklisted, or missing the proper dns
550 entries.

SMTP ERROR: RCPT TO command failed: 550-The mail server could not deliver mail to msantos@example.com.  The account
550-or domain may not exist, they may be blacklisted, or missing the proper dns
550 entries.

CLIENT -> SERVER: QUIT

SERVER -> CLIENT: 334 UGFzc3dvcmQ6

CLIENT -> SERVER: [credentials hidden]
SERVER -> CLIENT: 221 server.philkoei.com.ph closing connection

SMTP Error: The following recipients failed: msantos@example.com: The mail server could not deliver mail to msantos@example.com.  The account
or domain may not exist, they may be blacklisted, or missing the proper dns
entries.

Mail Error: SMTP Error: The following recipients failed: msantos@example.com: The mail server could not deliver mail to msantos@example.com.  The account
or domain may not exist, they may be blacklisted, or missing the proper dns
entries.

SERVER -> CLIENT: 235 Authentication succeeded

CLIENT -> SERVER: MAIL FROM:<testmail@philkoei.com.ph>

SERVER -> CLIENT: 250 OK

CLIENT -> SERVER: RCPT TO:<jdelacruz@example.com>

SERVER -> CLIENT: 550-The mail server could not deliver mail to jdelacruz@example.com.  The
550-account or domain may not exist, they may be blacklisted, or missing the
550 proper dns entries.

SMTP ERROR: RCPT TO command failed: 550-The mail server could not deliver mail to jdelacruz@example.com.  The
550-account or domain may not exist, they may be blacklisted, or missing the
550 proper dns entries.

CLIENT -> SERVER: QUIT

SERVER -> CLIENT: 220-server.philkoei.com.ph ESMTP Exim 4.99.4 #2 Tue, 14 Jul 2026 04:58:19 -0400 
220-We do not authorize the use of this system to transport unsolicited, 
220 and/or bulk e-mail.

CLIENT -> SERVER: EHLO srvlnxintradev2

SERVER -> CLIENT: 221 server.philkoei.com.ph closing connection

SMTP Error: The following recipients failed: jdelacruz@example.com: The mail server could not deliver mail to jdelacruz@example.com.  The
account or domain may not exist, they may be blacklisted, or missing the
proper dns entries.

Mail Error: SMTP Error: The following recipients failed: jdelacruz@example.com: The mail server could not deliver mail to jdelacruz@example.com.  The
account or domain may not exist, they may be blacklisted, or missing the
proper dns entries.

SERVER -> CLIENT: 250-server.philkoei.com.ph Hello srvlnxintradev2 [210.5.68.242]
250-SIZE 52428800
250-LIMITS MAILMAX=1000 RCPTMAX=50000
250-8BITMIME
250-PIPELINING
250-PIPECONNECT
250-AUTH PLAIN LOGIN
250 HELP

CLIENT -> SERVER: AUTH LOGIN

SERVER -> CLIENT: 334 VXNlcm5hbWU6

CLIENT -> SERVER: [credentials hidden]
SERVER -> CLIENT: 334 UGFzc3dvcmQ6

CLIENT -> SERVER: [credentials hidden]
SERVER -> CLIENT: 235 Authentication succeeded

CLIENT -> SERVER: MAIL FROM:<testmail@philkoei.com.ph>

SERVER -> CLIENT: 250 OK

CLIENT -> SERVER: RCPT TO:<rreyes@example.com>

SERVER -> CLIENT: 550-The mail server could not deliver mail to rreyes@example.com.  The account
550-or domain may not exist, they may be blacklisted, or missing the proper dns
550 entries.

SMTP ERROR: RCPT TO command failed: 550-The mail server could not deliver mail to rreyes@example.com.  The account
550-or domain may not exist, they may be blacklisted, or missing the proper dns
550 entries.

CLIENT -> SERVER: QUIT

SERVER -> CLIENT: 221 server.philkoei.com.ph closing connection

SMTP Error: The following recipients failed: rreyes@example.com: The mail server could not deliver mail to rreyes@example.com.  The account
or domain may not exist, they may be blacklisted, or missing the proper dns
entries.

Mail Error: SMTP Error: The following recipients failed: rreyes@example.com: The mail server could not deliver mail to rreyes@example.com.  The account
or domain may not exist, they may be blacklisted, or missing the proper dns
entries.

SERVER -> CLIENT: 220-server.philkoei.com.ph ESMTP Exim 4.99.4 #2 Tue, 14 Jul 2026 04:58:21 -0400 
220-We do not authorize the use of this system to transport unsolicited, 
220 and/or bulk e-mail.

CLIENT -> SERVER: EHLO srvlnxintradev2

SERVER -> CLIENT: 250-server.philkoei.com.ph Hello srvlnxintradev2 [210.5.68.242]
250-SIZE 52428800
250-LIMITS MAILMAX=1000 RCPTMAX=50000
250-8BITMIME
250-PIPELINING
250-PIPECONNECT
250-AUTH PLAIN LOGIN
250 HELP

CLIENT -> SERVER: AUTH LOGIN

SERVER -> CLIENT: 334 VXNlcm5hbWU6

CLIENT -> SERVER: [credentials hidden]
SERVER -> CLIENT: 334 UGFzc3dvcmQ6

CLIENT -> SERVER: [credentials hidden]
SERVER -> CLIENT: 235 Authentication succeeded

CLIENT -> SERVER: MAIL FROM:<testmail@philkoei.com.ph>

SERVER -> CLIENT: 250 OK

CLIENT -> SERVER: RCPT TO:<ycanoy@philkoei.com.ph>

SERVER -> CLIENT: 250 Accepted

CLIENT -> SERVER: DATA

SERVER -> CLIENT: 220-server.philkoei.com.ph ESMTP Exim 4.99.4 #2 Tue, 14 Jul 2026 04:58:23 -0400 
220-We do not authorize the use of this system to transport unsolicited, 
220 and/or bulk e-mail.

CLIENT -> SERVER: EHLO srvlnxintradev2

SERVER -> CLIENT: 354 Enter message, ending with "." on a line by itself

CLIENT -> SERVER: Date: Tue, 14 Jul 2026 16:58:21 +0800

CLIENT -> SERVER: To: ycanoy@philkoei.com.ph

CLIENT -> SERVER: From: DP Intranet <testmail@philkoei.com.ph>

CLIENT -> SERVER: Subject: [DPEARP-00004] Correspondence Notification: test

CLIENT -> SERVER: Message-ID: <rLqXsoGEPT52JTrUMBOpPT92u8xiDAyenE7dqw3po@srvlnxintradev2>

CLIENT -> SERVER: X-Mailer: PHPMailer 7.1.1 (https://github.com/PHPMailer/PHPMailer)

CLIENT -> SERVER: MIME-Version: 1.0

CLIENT -> SERVER: Content-Type: multipart/alternative;

CLIENT -> SERVER:  boundary="b1=_rLqXsoGEPT52JTrUMBOpPT92u8xiDAyenE7dqw3po"

CLIENT -> SERVER: 

CLIENT -> SERVER: --b1=_rLqXsoGEPT52JTrUMBOpPT92u8xiDAyenE7dqw3po

CLIENT -> SERVER: Content-Type: text/plain; charset=UTF-8

CLIENT -> SERVER: Content-Transfer-Encoding: base64

CLIENT -> SERVER: 

CLIENT -> SERVER: CgoKICAKICAKICAKICBbRFBFQVJQLTAwMDA0XSBDb3JyZXNwb25kZW5jZSBOb3RpZmljYXRpb24K

CLIENT -> SERVER: CgogIFtEUEVBUlAtMDAwMDRdIENvcnJlc3BvbmRlbmNlIE5vdGlmaWNhdGlvbgogIAogICAgCiAg

CLIENT -> SERVER: ICAgIAogICAgICAgIAogICAgICAgICAgCiAgICAgICAgICAgIAogICAgICAgICAgICAgIERQRUFS

CLIENT -> SERVER: UCBDb3JyZXNwb25kZW5jZSBNYW5hZ2VtZW50IFN5c3RlbQogICAgICAgICAgICAgIENvcnJlc3Bv

CLIENT -> SERVER: bmRlbmNlIE5vdGlmaWNhdGlvbgogICAgICAgICAgICAKICAgICAgICAgIAogICAgICAgICAgCiAg

CLIENT -> SERVER: ICAgICAgICAgIAogICAgICAgICAgICAgIEEgY29ycmVzcG9uZGVuY2UgdXBkYXRlIGhhcyBiZWVu

CLIENT -> SERVER: IHNoYXJlZCB3aXRoIHlvdSBmb3IgcmV2aWV3LgogICAgICAgICAgICAgIAogICAgICAgICAgICAg

CLIENT -> SERVER: ICAgCiAgICAgICAgICAgICAgICAgIAogICAgICAgICAgICAgICAgICAgIENvcnJlc3BvbmRlbmNl

CLIENT -> SERVER: IERldGFpbHMKICAgICAgICAgICAgICAgICAgCiAgICAgICAgICAgICAgICAgIFRyYWNraW5nIElE

CLIENT -> SERVER: RFBFQVJQLTAwMDA0Q29ycmVzcG9uZGVuY2UgVGl0bGV0ZXN0RGVzY3JpcHRpb250ZXN0RHVlIERh

CLIENT -> SERVER: dGUyMDI2LTA3LTE2U2VuZGVybm9yZXBseUBkYWx0b24uY29tLnBoQ2lyY3VsYXRlZCBCeVlvc2hp

CLIENT -> SERVER: eXVraSBDYW5veQogICAgICAgICAgICAgICAgCiAgICAgICAgICAgICAgCiAgICAgICAgICAgICAg

CLIENT -> SERVER: CiAgICAgICAgICAgICAgICBBY2Nlc3MgWW91ciBDb3JyZXNwb25kZW5jZSB0byBzZWUgZmlsZQog

CLIENT -> SERVER: ICAgICAgICAgICAgICAgSWYgeW91IGhhdmUgYW4gYWNjb3VudCBvbiB0aGUgb3JnYW5pemF0aW9u

CLIENT -> SERVER: J3MgSW50cmFuZXQgb3IgQ29ycmVzcG9uZGVuY2UgTWFuYWdlbWVudCBTeXN0ZW0sIHlvdSBjYW4g

CLIENT -> SERVER: bG9nIGluIHRvIHZpZXcgdGhlIGNvcnJlc3BvbmRlbmNlLCB0cmFjayBpdHMgc3RhdHVzLCBhbmQg

CLIENT -> SERVER: YWNjZXNzIGFsbCBhc3NvY2lhdGVkIGRvY3VtZW50cyBhbmQgdXBkYXRlcy4KICAgICAgICAgICAg

CLIENT -> SERVER: ICAgIExvZyBJbiB0byB0aGUgSW50cmFuZXQKICAgICAgICAgICAgICAKICAgICAgICAgICAgICBQ

CLIENT -> SERVER: bGVhc2UgcmV2aWV3IHRoZSBjb3JyZXNwb25kZW5jZSBhdCB5b3VyIGVhcmxpZXN0IGNvbnZlbmll

CLIENT -> SERVER: bmNlLgogICAgICAgICAgICAKICAgICAgICAgIAogICAgICAgICAgCiAgICAgICAgICAgIAogICAg

CLIENT -> SERVER: ICAgICAgICAgIAogICAgICAgICAgICAgICAgVGhpcyBpcyBhbiBhdXRvbWF0ZWQgbm90aWZpY2F0

CLIENT -> SERVER: aW9uIGZyb20gRFBFQVJQLgogICAgICAgICAgICAgICAgUGxlYXNlIGRvIG5vdCByZXBseSB0byB0

CLIENT -> SERVER: aGlzIGVtYWlsLgogICAgICAgICAgICAgICAgwqkgMjAyNiBEUEVBUlAuIEFsbCByaWdodHMgcmVz

CLIENT -> SERVER: ZXJ2ZWQuCiAgICAgICAgICAgICAgCiAgICAgICAgICAgIAogICAgICAgICAgCiAgICAgICAgCiAg

CLIENT -> SERVER: ICAgIAogICAgCiAgCgo=

CLIENT -> SERVER: 

CLIENT -> SERVER: --b1=_rLqXsoGEPT52JTrUMBOpPT92u8xiDAyenE7dqw3po

CLIENT -> SERVER: Content-Type: text/html; charset=UTF-8

CLIENT -> SERVER: Content-Transfer-Encoding: base64

CLIENT -> SERVER: 

CLIENT -> SERVER: PCFET0NUWVBFIGh0bWw+CjxodG1sIGxhbmc9ImVuIiB4bWxucz0iaHR0cDovL3d3dy53My5vcmcv

CLIENT -> SERVER: MTk5OS94aHRtbCI+CjxoZWFkPgogIDxtZXRhIGNoYXJzZXQ9IlVURi04IiAvPgogIDxtZXRhIG5h

CLIENT -> SERVER: bWU9InZpZXdwb3J0IiBjb250ZW50PSJ3aWR0aD1kZXZpY2Utd2lkdGgsIGluaXRpYWwtc2NhbGU9

CLIENT -> SERVER: MS4wIiAvPgogIDxtZXRhIGh0dHAtZXF1aXY9IlgtVUEtQ29tcGF0aWJsZSIgY29udGVudD0iSUU9

CLIENT -> SERVER: ZWRnZSIgLz4KICA8dGl0bGU+W0RQRUFSUC0wMDAwNF0gQ29ycmVzcG9uZGVuY2UgTm90aWZpY2F0

CLIENT -> SERVER: aW9uPC90aXRsZT4KPC9oZWFkPgo8Ym9keSBzdHlsZT0ibWFyZ2luOjA7IHBhZGRpbmc6MDsgYmFj

CLIENT -> SERVER: a2dyb3VuZC1jb2xvcjojZjNmNGY2OyBmb250LWZhbWlseTpTZWdvZSBVSSwgQXJpYWwsIHNhbnMt

CLIENT -> SERVER: c2VyaWY7IGNvbG9yOiMxMTE4Mjc7Ij4KICA8ZGl2IHN0eWxlPSJkaXNwbGF5Om5vbmU7IG1heC1o

CLIENT -> SERVER: ZWlnaHQ6MDsgb3ZlcmZsb3c6aGlkZGVuOyBvcGFjaXR5OjA7IG1zby1oaWRlOmFsbDsiPltEUEVB

CLIENT -> SERVER: UlAtMDAwMDRdIENvcnJlc3BvbmRlbmNlIE5vdGlmaWNhdGlvbjwvZGl2PgogIDx0YWJsZSByb2xl

CLIENT -> SERVER: PSJwcmVzZW50YXRpb24iIGNlbGxzcGFjaW5nPSIwIiBjZWxscGFkZGluZz0iMCIgYm9yZGVyPSIw

CLIENT -> SERVER: IiB3aWR0aD0iMTAwJSIgc3R5bGU9ImJhY2tncm91bmQtY29sb3I6I2YzZjRmNjsgbWFyZ2luOjA7

CLIENT -> SERVER: IHBhZGRpbmc6MjRweCAxMnB4OyI+CiAgICA8dHI+CiAgICAgIDx0ZCBhbGlnbj0iY2VudGVyIj4K

CLIENT -> SERVER: ICAgICAgICA8dGFibGUgcm9sZT0icHJlc2VudGF0aW9uIiBjZWxsc3BhY2luZz0iMCIgY2VsbHBh

CLIENT -> SERVER: ZGRpbmc9IjAiIGJvcmRlcj0iMCIgd2lkdGg9IjEwMCUiIHN0eWxlPSJtYXgtd2lkdGg6NjQwcHg7

CLIENT -> SERVER: IGJhY2tncm91bmQtY29sb3I6I2ZmZmZmZjsgYm9yZGVyOjFweCBzb2xpZCAjZTVlN2ViOyBib3Jk

CLIENT -> SERVER: ZXItcmFkaXVzOjEycHg7IG92ZXJmbG93OmhpZGRlbjsiPgogICAgICAgICAgPHRyPgogICAgICAg

CLIENT -> SERVER: ICAgICA8dGQgc3R5bGU9InBhZGRpbmc6MjRweCAyNHB4IDE4cHggMjRweDsgYm9yZGVyLWJvdHRv

CLIENT -> SERVER: bToxcHggc29saWQgI2U1ZTdlYjsgYmFja2dyb3VuZC1jb2xvcjojZjhmYWZjOyI+CiAgICAgICAg

CLIENT -> SERVER: ICAgICAgPGRpdiBzdHlsZT0iZm9udC1zaXplOjEycHg7IGxldHRlci1zcGFjaW5nOjEuNXB4OyB0

CLIENT -> SERVER: ZXh0LXRyYW5zZm9ybTp1cHBlcmNhc2U7IGNvbG9yOiM2NDc0OGI7IG1hcmdpbi1ib3R0b206OHB4

CLIENT -> SERVER: OyI+RFBFQVJQIENvcnJlc3BvbmRlbmNlIE1hbmFnZW1lbnQgU3lzdGVtPC9kaXY+CiAgICAgICAg

CLIENT -> SERVER: ICAgICAgPGRpdiBzdHlsZT0iZm9udC1zaXplOjIycHg7IGZvbnQtd2VpZ2h0OjcwMDsgY29sb3I6

CLIENT -> SERVER: IzBmMTcyYTsiPkNvcnJlc3BvbmRlbmNlIE5vdGlmaWNhdGlvbjwvZGl2PgogICAgICAgICAgICA8

CLIENT -> SERVER: L3RkPgogICAgICAgICAgPC90cj4KICAgICAgICAgIDx0cj4KICAgICAgICAgICAgPHRkIHN0eWxl

CLIENT -> SERVER: PSJwYWRkaW5nOjI0cHg7Ij4KICAgICAgICAgICAgICA8cCBzdHlsZT0ibWFyZ2luOjAgMCAxMnB4

CLIENT -> SERVER: IDA7IGZvbnQtc2l6ZToxNXB4OyBsaW5lLWhlaWdodDoyNHB4OyBjb2xvcjojMzM0MTU1OyI+QSBj

CLIENT -> SERVER: b3JyZXNwb25kZW5jZSB1cGRhdGUgaGFzIGJlZW4gc2hhcmVkIHdpdGggeW91IGZvciByZXZpZXcu

CLIENT -> SERVER: PC9wPgogICAgICAgICAgICAgIDxkaXYgc3R5bGU9ImJhY2tncm91bmQtY29sb3I6I2Y4ZmFmYzsg

CLIENT -> SERVER: Ym9yZGVyOjFweCBzb2xpZCAjZTJlOGYwOyBib3JkZXItcmFkaXVzOjEwcHg7IHBhZGRpbmc6MTZw

CLIENT -> SERVER: eCAxOHB4OyBtYXJnaW46MCAwIDE2cHggMDsiPgogICAgICAgICAgICAgICAgPHRhYmxlIHJvbGU9

CLIENT -> SERVER: InByZXNlbnRhdGlvbiIgY2VsbHNwYWNpbmc9IjAiIGNlbGxwYWRkaW5nPSIwIiBib3JkZXI9IjAi

CLIENT -> SERVER: IHdpZHRoPSIxMDAlIj4KICAgICAgICAgICAgICAgICAgPHRyPgogICAgICAgICAgICAgICAgICAg

CLIENT -> SERVER: IDx0ZCBjb2xzcGFuPSIyIiBzdHlsZT0icGFkZGluZy1ib3R0b206MTBweDsgZm9udC1zaXplOjEz

CLIENT -> SERVER: cHg7IGZvbnQtd2VpZ2h0OjcwMDsgY29sb3I6IzQ3NTU2OTsgdGV4dC10cmFuc2Zvcm06dXBwZXJj

CLIENT -> SERVER: YXNlOyBsZXR0ZXItc3BhY2luZzowLjA0ZW07Ij5Db3JyZXNwb25kZW5jZSBEZXRhaWxzPC90ZD4K

CLIENT -> SERVER: ICAgICAgICAgICAgICAgICAgPC90cj4KICAgICAgICAgICAgICAgICAgPHRyPjx0ZCBzdHlsZT0i

CLIENT -> SERVER: cGFkZGluZzo2cHggMDsgZm9udC1zaXplOjE0cHg7IGNvbG9yOiM2NDc0OGI7IHdpZHRoOjM1JTsg

CLIENT -> SERVER: dmVydGljYWwtYWxpZ246dG9wOyI+VHJhY2tpbmcgSUQ8L3RkPjx0ZCBzdHlsZT0icGFkZGluZzo2

CLIENT -> SERVER: cHggMDsgZm9udC1zaXplOjE0cHg7IGNvbG9yOiMwZjE3MmE7IGZvbnQtd2VpZ2h0OjYwMDsgdmVy

CLIENT -> SERVER: dGljYWwtYWxpZ246dG9wOyI+RFBFQVJQLTAwMDA0PC90ZD48L3RyPjx0cj48dGQgc3R5bGU9InBh

CLIENT -> SERVER: ZGRpbmc6NnB4IDA7IGZvbnQtc2l6ZToxNHB4OyBjb2xvcjojNjQ3NDhiOyB3aWR0aDozNSU7IHZl

CLIENT -> SERVER: cnRpY2FsLWFsaWduOnRvcDsiPkNvcnJlc3BvbmRlbmNlIFRpdGxlPC90ZD48dGQgc3R5bGU9InBh

CLIENT -> SERVER: ZGRpbmc6NnB4IDA7IGZvbnQtc2l6ZToxNHB4OyBjb2xvcjojMGYxNzJhOyBmb250LXdlaWdodDo2

CLIENT -> SERVER: MDA7IHZlcnRpY2FsLWFsaWduOnRvcDsiPnRlc3Q8L3RkPjwvdHI+PHRyPjx0ZCBzdHlsZT0icGFk

CLIENT -> SERVER: ZGluZzo2cHggMDsgZm9udC1zaXplOjE0cHg7IGNvbG9yOiM2NDc0OGI7IHdpZHRoOjM1JTsgdmVy

CLIENT -> SERVER: dGljYWwtYWxpZ246dG9wOyI+RGVzY3JpcHRpb248L3RkPjx0ZCBzdHlsZT0icGFkZGluZzo2cHgg

CLIENT -> SERVER: MDsgZm9udC1zaXplOjE0cHg7IGNvbG9yOiMwZjE3MmE7IGZvbnQtd2VpZ2h0OjYwMDsgdmVydGlj

CLIENT -> SERVER: YWwtYWxpZ246dG9wOyI+dGVzdDwvdGQ+PC90cj48dHI+PHRkIHN0eWxlPSJwYWRkaW5nOjZweCAw

CLIENT -> SERVER: OyBmb250LXNpemU6MTRweDsgY29sb3I6IzY0NzQ4Yjsgd2lkdGg6MzUlOyB2ZXJ0aWNhbC1hbGln

CLIENT -> SERVER: bjp0b3A7Ij5EdWUgRGF0ZTwvdGQ+PHRkIHN0eWxlPSJwYWRkaW5nOjZweCAwOyBmb250LXNpemU6

CLIENT -> SERVER: MTRweDsgY29sb3I6IzBmMTcyYTsgZm9udC13ZWlnaHQ6NjAwOyB2ZXJ0aWNhbC1hbGlnbjp0b3A7

CLIENT -> SERVER: Ij4yMDI2LTA3LTE2PC90ZD48L3RyPjx0cj48dGQgc3R5bGU9InBhZGRpbmc6NnB4IDA7IGZvbnQt

CLIENT -> SERVER: c2l6ZToxNHB4OyBjb2xvcjojNjQ3NDhiOyB3aWR0aDozNSU7IHZlcnRpY2FsLWFsaWduOnRvcDsi

CLIENT -> SERVER: PlNlbmRlcjwvdGQ+PHRkIHN0eWxlPSJwYWRkaW5nOjZweCAwOyBmb250LXNpemU6MTRweDsgY29s

CLIENT -> SERVER: b3I6IzBmMTcyYTsgZm9udC13ZWlnaHQ6NjAwOyB2ZXJ0aWNhbC1hbGlnbjp0b3A7Ij5ub3JlcGx5

CLIENT -> SERVER: QGRhbHRvbi5jb20ucGg8L3RkPjwvdHI+PHRyPjx0ZCBzdHlsZT0icGFkZGluZzo2cHggMDsgZm9u

CLIENT -> SERVER: dC1zaXplOjE0cHg7IGNvbG9yOiM2NDc0OGI7IHdpZHRoOjM1JTsgdmVydGljYWwtYWxpZ246dG9w

CLIENT -> SERVER: OyI+Q2lyY3VsYXRlZCBCeTwvdGQ+PHRkIHN0eWxlPSJwYWRkaW5nOjZweCAwOyBmb250LXNpemU6

CLIENT -> SERVER: MTRweDsgY29sb3I6IzBmMTcyYTsgZm9udC13ZWlnaHQ6NjAwOyB2ZXJ0aWNhbC1hbGlnbjp0b3A7

CLIENT -> SERVER: Ij5Zb3NoaXl1a2kgQ2Fub3k8L3RkPjwvdHI+CiAgICAgICAgICAgICAgICA8L3RhYmxlPgogICAg

CLIENT -> SERVER: ICAgICAgICAgIDwvZGl2PgogICAgICAgICAgICAgIDxkaXYgc3R5bGU9ImJhY2tncm91bmQ6bGlu

CLIENT -> SERVER: ZWFyLWdyYWRpZW50KDkwZGVnLCAjZWZmNmZmIDAlLCAjZjhmYmZmIDEwMCUpOyBib3JkZXI6MXB4

CLIENT -> SERVER: IHNvbGlkICNiZmRiZmU7IGJvcmRlci1sZWZ0OjRweCBzb2xpZCAjMjU2M2ViOyBib3JkZXItcmFk

CLIENT -> SERVER: aXVzOjEwcHg7IHBhZGRpbmc6MTZweCAxOHB4OyBtYXJnaW46MCAwIDE2cHggMDsiPgogICAgICAg

CLIENT -> SERVER: ICAgICAgICAgPHAgc3R5bGU9Im1hcmdpbjowIDAgNnB4IDA7IGZvbnQtc2l6ZToxNXB4OyBmb250

CLIENT -> SERVER: LXdlaWdodDo3MDA7IGNvbG9yOiMwZjE3MmE7Ij5BY2Nlc3MgWW91ciBDb3JyZXNwb25kZW5jZSB0

CLIENT -> SERVER: byBzZWUgZmlsZTwvcD4KICAgICAgICAgICAgICAgIDxwIHN0eWxlPSJtYXJnaW46MCAwIDEwcHgg

CLIENT -> SERVER: MDsgZm9udC1zaXplOjE0cHg7IGxpbmUtaGVpZ2h0OjIycHg7IGNvbG9yOiMzMzQxNTU7Ij5JZiB5

CLIENT -> SERVER: b3UgaGF2ZSBhbiBhY2NvdW50IG9uIHRoZSBvcmdhbml6YXRpb24ncyBJbnRyYW5ldCBvciBDb3Jy

CLIENT -> SERVER: ZXNwb25kZW5jZSBNYW5hZ2VtZW50IFN5c3RlbSwgeW91IGNhbiBsb2cgaW4gdG8gdmlldyB0aGUg

CLIENT -> SERVER: Y29ycmVzcG9uZGVuY2UsIHRyYWNrIGl0cyBzdGF0dXMsIGFuZCBhY2Nlc3MgYWxsIGFzc29jaWF0

CLIENT -> SERVER: ZWQgZG9jdW1lbnRzIGFuZCB1cGRhdGVzLjwvcD4KICAgICAgICAgICAgICAgIDxkaXYgc3R5bGU9

CLIENT -> SERVER: ImRpc3BsYXk6aW5saW5lLWJsb2NrOyBwYWRkaW5nOjhweCAxMnB4OyBib3JkZXI6MXB4IHNvbGlk

CLIENT -> SERVER: ICM5M2M1ZmQ7IGJvcmRlci1yYWRpdXM6OTk5cHg7IGJhY2tncm91bmQtY29sb3I6I2ZmZmZmZjsg

CLIENT -> SERVER: Zm9udC1zaXplOjEzcHg7IGZvbnQtd2VpZ2h0OjYwMDsgY29sb3I6IzFkNGVkODsiPkxvZyBJbiB0

CLIENT -> SERVER: byB0aGUgSW50cmFuZXQ8L2Rpdj4KICAgICAgICAgICAgICA8L2Rpdj4KICAgICAgICAgICAgICA8

CLIENT -> SERVER: cCBzdHlsZT0ibWFyZ2luOjA7IGZvbnQtc2l6ZToxM3B4OyBsaW5lLWhlaWdodDoyMXB4OyBjb2xv

CLIENT -> SERVER: cjojNjQ3NDhiOyI+UGxlYXNlIHJldmlldyB0aGUgY29ycmVzcG9uZGVuY2UgYXQgeW91ciBlYXJs

CLIENT -> SERVER: aWVzdCBjb252ZW5pZW5jZS48L3A+CiAgICAgICAgICAgIDwvdGQ+CiAgICAgICAgICA8L3RyPgog

CLIENT -> SERVER: ICAgICAgICAgPHRyPgogICAgICAgICAgICA8dGQgc3R5bGU9InBhZGRpbmc6MCAyNHB4IDI0cHgg

CLIENT -> SERVER: MjRweDsiPgogICAgICAgICAgICAgIDxkaXYgc3R5bGU9ImJvcmRlci10b3A6MXB4IHNvbGlkICNl

CLIENT -> SERVER: NWU3ZWI7IHBhZGRpbmctdG9wOjE2cHg7IGZvbnQtc2l6ZToxMnB4OyBsaW5lLWhlaWdodDoxOHB4

CLIENT -> SERVER: OyBjb2xvcjojNjQ3NDhiOyI+CiAgICAgICAgICAgICAgICA8cCBzdHlsZT0ibWFyZ2luOjAgMCA0

CLIENT -> SERVER: cHggMDsiPlRoaXMgaXMgYW4gYXV0b21hdGVkIG5vdGlmaWNhdGlvbiBmcm9tIERQRUFSUC48L3A+

CLIENT -> SERVER: CiAgICAgICAgICAgICAgICA8cCBzdHlsZT0ibWFyZ2luOjAgMCA0cHggMDsiPlBsZWFzZSBkbyBu

CLIENT -> SERVER: b3QgcmVwbHkgdG8gdGhpcyBlbWFpbC48L3A+CiAgICAgICAgICAgICAgICA8cCBzdHlsZT0ibWFy

CLIENT -> SERVER: Z2luOjA7Ij7CqSAyMDI2IERQRUFSUC4gQWxsIHJpZ2h0cyByZXNlcnZlZC48L3A+CiAgICAgICAg

CLIENT -> SERVER: ICAgICAgPC9kaXY+CiAgICAgICAgICAgIDwvdGQ+CiAgICAgICAgICA8L3RyPgogICAgICAgIDwv

CLIENT -> SERVER: dGFibGU+CiAgICAgIDwvdGQ+CiAgICA8L3RyPgogIDwvdGFibGU+CjwvYm9keT4KPC9odG1sPg==

CLIENT -> SERVER: 

CLIENT -> SERVER: 

CLIENT -> SERVER: --b1=_rLqXsoGEPT52JTrUMBOpPT92u8xiDAyenE7dqw3po--

CLIENT -> SERVER: 

CLIENT -> SERVER: .

SERVER -> CLIENT: 250-server.philkoei.com.ph Hello srvlnxintradev2 [210.5.68.242]
250-SIZE 52428800
250-LIMITS MAILMAX=1000 RCPTMAX=50000
250-8BITMIME
250-PIPELINING
250-PIPECONNECT
250-AUTH PLAIN LOGIN
250 HELP

CLIENT -> SERVER: AUTH LOGIN

SERVER -> CLIENT: 334 VXNlcm5hbWU6

CLIENT -> SERVER: [credentials hidden]
SERVER -> CLIENT: 250 OK id=1wjYy7-0000000Fdga-2J7e

CLIENT -> SERVER: QUIT

SERVER -> CLIENT: 334 UGFzc3dvcmQ6

CLIENT -> SERVER: [credentials hidden]
SERVER -> CLIENT: 221 server.philkoei.com.ph closing connection

SERVER -> CLIENT: 235 Authentication succeeded

CLIENT -> SERVER: MAIL FROM:<testmail@philkoei.com.ph>

SERVER -> CLIENT: 250 OK

CLIENT -> SERVER: RCPT TO:<msantos@example.com>

SERVER -> CLIENT: 550-The mail server could not deliver mail to msantos@example.com.  The account
550-or domain may not exist, they may be blacklisted, or missing the proper dns
550 entries.

SMTP ERROR: RCPT TO command failed: 550-The mail server could not deliver mail to msantos@example.com.  The account
550-or domain may not exist, they may be blacklisted, or missing the proper dns
550 entries.

CLIENT -> SERVER: QUIT

SERVER -> CLIENT: 221 server.philkoei.com.ph closing connection

SMTP Error: The following recipients failed: msantos@example.com: The mail server could not deliver mail to msantos@example.com.  The account
or domain may not exist, they may be blacklisted, or missing the proper dns
entries.

Mail Error: SMTP Error: The following recipients failed: msantos@example.com: The mail server could not deliver mail to msantos@example.com.  The account
or domain may not exist, they may be blacklisted, or missing the proper dns
entries.

SERVER -> CLIENT: 220-server.philkoei.com.ph ESMTP Exim 4.99.4 #2 Tue, 14 Jul 2026 04:58:25 -0400 
220-We do not authorize the use of this system to transport unsolicited, 
220 and/or bulk e-mail.

CLIENT -> SERVER: EHLO srvlnxintradev2

SERVER -> CLIENT: 250-server.philkoei.com.ph Hello srvlnxintradev2 [210.5.68.242]
250-SIZE 52428800
250-LIMITS MAILMAX=1000 RCPTMAX=50000
250-8BITMIME
250-PIPELINING
250-PIPECONNECT
250-AUTH PLAIN LOGIN
250 HELP

CLIENT -> SERVER: AUTH LOGIN

SERVER -> CLIENT: 334 VXNlcm5hbWU6

CLIENT -> SERVER: [credentials hidden]
SERVER -> CLIENT: 334 UGFzc3dvcmQ6

CLIENT -> SERVER: [credentials hidden]
SERVER -> CLIENT: 235 Authentication succeeded

CLIENT -> SERVER: MAIL FROM:<testmail@philkoei.com.ph>

SERVER -> CLIENT: 250 OK

CLIENT -> SERVER: RCPT TO:<rreyes@example.com>

SERVER -> CLIENT: 550-The mail server could not deliver mail to rreyes@example.com.  The account
550-or domain may not exist, they may be blacklisted, or missing the proper dns
550 entries.

SMTP ERROR: RCPT TO command failed: 550-The mail server could not deliver mail to rreyes@example.com.  The account
550-or domain may not exist, they may be blacklisted, or missing the proper dns
550 entries.

CLIENT -> SERVER: QUIT

SERVER -> CLIENT: 221 server.philkoei.com.ph closing connection

SMTP Error: The following recipients failed: rreyes@example.com: The mail server could not deliver mail to rreyes@example.com.  The account
or domain may not exist, they may be blacklisted, or missing the proper dns
entries.

Mail Error: SMTP Error: The following recipients failed: rreyes@example.com: The mail server could not deliver mail to rreyes@example.com.  The account
or domain may not exist, they may be blacklisted, or missing the proper dns
entries.

SERVER -> CLIENT: 220-server.philkoei.com.ph ESMTP Exim 4.99.4 #2 Tue, 14 Jul 2026 04:58:30 -0400 
220-We do not authorize the use of this system to transport unsolicited, 
220 and/or bulk e-mail.

CLIENT -> SERVER: EHLO srvlnxintradev2

SERVER -> CLIENT: 250-server.philkoei.com.ph Hello srvlnxintradev2 [210.5.68.242]
250-SIZE 52428800
250-LIMITS MAILMAX=1000 RCPTMAX=50000
250-8BITMIME
250-PIPELINING
250-PIPECONNECT
250-AUTH PLAIN LOGIN
250 HELP

CLIENT -> SERVER: AUTH LOGIN

SERVER -> CLIENT: 334 VXNlcm5hbWU6

CLIENT -> SERVER: [credentials hidden]
SERVER -> CLIENT: 334 UGFzc3dvcmQ6

CLIENT -> SERVER: [credentials hidden]
SERVER -> CLIENT: 235 Authentication succeeded

CLIENT -> SERVER: MAIL FROM:<testmail@philkoei.com.ph>

SERVER -> CLIENT: 250 OK

CLIENT -> SERVER: RCPT TO:<rreyes@example.com>

SERVER -> CLIENT: 550-The mail server could not deliver mail to rreyes@example.com.  The account
550-or domain may not exist, they may be blacklisted, or missing the proper dns
550 entries.

SMTP ERROR: RCPT TO command failed: 550-The mail server could not deliver mail to rreyes@example.com.  The account
550-or domain may not exist, they may be blacklisted, or missing the proper dns
550 entries.

CLIENT -> SERVER: QUIT

SERVER -> CLIENT: 221 server.philkoei.com.ph closing connection

SMTP Error: The following recipients failed: rreyes@example.com: The mail server could not deliver mail to rreyes@example.com.  The account
or domain may not exist, they may be blacklisted, or missing the proper dns
entries.

Mail Error: SMTP Error: The following recipients failed: rreyes@example.com: The mail server could not deliver mail to rreyes@example.com.  The account
or domain may not exist, they may be blacklisted, or missing the proper dns
entries.

